<?xml version="1.0" encoding="UTF-8"?>
<TestRun id="96491891-49b7-4522-9e66-745061bd4517" name="imran@IMRAN_430 2016-01-15 17:09:48" runUser="IMRAN_430\imran" xmlns="http://microsoft.com/schemas/VisualStudio/TeamTest/2010">
  <TestSettings name="Local" id="0f063a22-b4ba-4613-a4a2-0f24466c04ba">
    <Description>These are default test settings for a local test run.</Description>
    <Deployment enabled="false" runDeploymentRoot="imran_IMRAN_430 2016-01-15 17_09_48">
      <DeploymentItem filename="D:\aspose\swagger\swagger-codegen-2.0.17\aspose\csharp\storage\bin\Debug\Aspose.Storage-Cloud.dll" />
      <DeploymentItem filename="D:\aspose\swagger\swagger-codegen-2.0.17\aspose\csharp\pdf\bin\Newtonsoft.Json.dll" />
      <DeploymentItem filename="D:\aspose\swagger\swagger-codegen-2.0.17\aspose\csharp\pdf\bin\Debug\ConsoleApplication.exe" />
      <DeploymentItem filename="D:\aspose\swagger\swagger-codegen-2.0.17\aspose\csharp\pdf\packages\LinqBridge.1.3.0\lib\net20\LinqBridge.dll" />
    </Deployment>
    <Execution>
      <TestTypeSpecific />
      <AgentRule name="Execution Agents">
      </AgentRule>
    </Execution>
  </TestSettings>
  <Times creation="2016-01-15T17:09:48.5946890+05:00" queuing="2016-01-15T17:09:48.9108941+05:00" start="2016-01-15T17:09:48.9259055+05:00" finish="2016-01-15T17:17:41.2225386+05:00" />
  <ResultSummary outcome="Failed">
    <Counters total="54" executed="54" passed="51" error="0" failed="3" timeout="0" aborted="0" inconclusive="0" passedButRunAborted="0" notRunnable="0" notExecuted="0" disconnected="0" warning="0" completed="0" inProgress="0" pending="0" />
  </ResultSummary>
  <TestDefinitions>
    <UnitTest name="TestPostMovePage" storage="d:\aspose\swagger\swagger-codegen-2.0.17\aspose\csharp\pdf\pdftest\bin\debug\pdftest.dll" id="198913e2-fb92-c108-ac14-4c218d52b52b">
      <Execution id="bdbd0df1-d356-47b7-80de-0eeca211580e" />
      <TestMethod codeBase="D:/aspose/swagger/swagger-codegen-2.0.17/aspose/csharp/pdf/PDFTest/bin/Debug/PDFTest.DLL" adapterTypeName="Microsoft.VisualStudio.TestTools.TestTypes.Unit.UnitTestAdapter, Microsoft.VisualStudio.QualityTools.Tips.UnitTest.Adapter, Version=10.0.0.0, Culture=neutral, PublicKeyToken=b03f5f7f11d50a3a" className="PDFTest.TestPdfApi, PDFTest, Version=1.0.0.0, Culture=neutral, PublicKeyToken=null" name="TestPostMovePage" />
    </UnitTest>
    <UnitTest name="TestGetDocumentProperties" storage="d:\aspose\swagger\swagger-codegen-2.0.17\aspose\csharp\pdf\pdftest\bin\debug\pdftest.dll" id="849bccd1-839e-840b-94a3-126509a41837">
      <Execution id="3753eddd-97d4-4f26-a7ff-06ee61cd09cb" />
      <TestMethod codeBase="D:/aspose/swagger/swagger-codegen-2.0.17/aspose/csharp/pdf/PDFTest/bin/Debug/PDFTest.DLL" adapterTypeName="Microsoft.VisualStudio.TestTools.TestTypes.Unit.UnitTestAdapter, Microsoft.VisualStudio.QualityTools.Tips.UnitTest.Adapter, Version=10.0.0.0, Culture=neutral, PublicKeyToken=b03f5f7f11d50a3a" className="PDFTest.TestPdfApi, PDFTest, Version=1.0.0.0, Culture=neutral, PublicKeyToken=null" name="TestGetDocumentProperties" />
    </UnitTest>
    <UnitTest name="TestGetExtractBarcodes" storage="d:\aspose\swagger\swagger-codegen-2.0.17\aspose\csharp\pdf\pdftest\bin\debug\pdftest.dll" id="3eb8fdff-78f1-1f93-6016-0e9d6124c4ff">
      <Execution id="422f73c9-f000-4b12-8589-601c0d48c5ef" />
      <TestMethod codeBase="D:/aspose/swagger/swagger-codegen-2.0.17/aspose/csharp/pdf/PDFTest/bin/Debug/PDFTest.DLL" adapterTypeName="Microsoft.VisualStudio.TestTools.TestTypes.Unit.UnitTestAdapter, Microsoft.VisualStudio.QualityTools.Tips.UnitTest.Adapter, Version=10.0.0.0, Culture=neutral, PublicKeyToken=b03f5f7f11d50a3a" className="PDFTest.TestPdfApi, PDFTest, Version=1.0.0.0, Culture=neutral, PublicKeyToken=null" name="TestGetExtractBarcodes" />
    </UnitTest>
    <UnitTest name="TestGetDocumentProperty" storage="d:\aspose\swagger\swagger-codegen-2.0.17\aspose\csharp\pdf\pdftest\bin\debug\pdftest.dll" id="c46e3675-4c92-e13e-3fa6-9919a0f5a341">
      <Execution id="8a239341-935c-4b6b-9ab0-897a2589465e" />
      <TestMethod codeBase="D:/aspose/swagger/swagger-codegen-2.0.17/aspose/csharp/pdf/PDFTest/bin/Debug/PDFTest.DLL" adapterTypeName="Microsoft.VisualStudio.TestTools.TestTypes.Unit.UnitTestAdapter, Microsoft.VisualStudio.QualityTools.Tips.UnitTest.Adapter, Version=10.0.0.0, Culture=neutral, PublicKeyToken=b03f5f7f11d50a3a" className="PDFTest.TestPdfApi, PDFTest, Version=1.0.0.0, Culture=neutral, PublicKeyToken=null" name="TestGetDocumentProperty" />
    </UnitTest>
    <UnitTest name="TestGetPage" storage="d:\aspose\swagger\swagger-codegen-2.0.17\aspose\csharp\pdf\pdftest\bin\debug\pdftest.dll" id="9ce3f301-cc92-c31f-ee99-d2bb6c43b3a2">
      <Execution id="8b77f87e-81e6-48fa-988a-0114f3c88079" />
      <TestMethod codeBase="D:/aspose/swagger/swagger-codegen-2.0.17/aspose/csharp/pdf/PDFTest/bin/Debug/PDFTest.DLL" adapterTypeName="Microsoft.VisualStudio.TestTools.TestTypes.Unit.UnitTestAdapter, Microsoft.VisualStudio.QualityTools.Tips.UnitTest.Adapter, Version=10.0.0.0, Culture=neutral, PublicKeyToken=b03f5f7f11d50a3a" className="PDFTest.TestPdfApi, PDFTest, Version=1.0.0.0, Culture=neutral, PublicKeyToken=null" name="TestGetPage" />
    </UnitTest>
    <UnitTest name="TestPostPageReplaceText" storage="d:\aspose\swagger\swagger-codegen-2.0.17\aspose\csharp\pdf\pdftest\bin\debug\pdftest.dll" id="de80edac-e13c-b5e7-b378-75660701bb59">
      <Execution id="6f06f021-5833-4446-a617-663c304c6e3d" />
      <TestMethod codeBase="D:/aspose/swagger/swagger-codegen-2.0.17/aspose/csharp/pdf/PDFTest/bin/Debug/PDFTest.DLL" adapterTypeName="Microsoft.VisualStudio.TestTools.TestTypes.Unit.UnitTestAdapter, Microsoft.VisualStudio.QualityTools.Tips.UnitTest.Adapter, Version=10.0.0.0, Culture=neutral, PublicKeyToken=b03f5f7f11d50a3a" className="PDFTest.TestPdfApi, PDFTest, Version=1.0.0.0, Culture=neutral, PublicKeyToken=null" name="TestPostPageReplaceText" />
    </UnitTest>
    <UnitTest name="TestGetDocumentBookmarks" storage="d:\aspose\swagger\swagger-codegen-2.0.17\aspose\csharp\pdf\pdftest\bin\debug\pdftest.dll" id="89a5c8c9-aefa-8e99-1fab-fac872d27f93">
      <Execution id="39bc9cde-1d19-4ad1-a3ee-ba34b1b5eb81" />
      <TestMethod codeBase="D:/aspose/swagger/swagger-codegen-2.0.17/aspose/csharp/pdf/PDFTest/bin/Debug/PDFTest.DLL" adapterTypeName="Microsoft.VisualStudio.TestTools.TestTypes.Unit.UnitTestAdapter, Microsoft.VisualStudio.QualityTools.Tips.UnitTest.Adapter, Version=10.0.0.0, Culture=neutral, PublicKeyToken=b03f5f7f11d50a3a" className="PDFTest.TestPdfApi, PDFTest, Version=1.0.0.0, Culture=neutral, PublicKeyToken=null" name="TestGetDocumentBookmarks" />
    </UnitTest>
    <UnitTest name="TestGetDocumentAttachmentByIndex" storage="d:\aspose\swagger\swagger-codegen-2.0.17\aspose\csharp\pdf\pdftest\bin\debug\pdftest.dll" id="fd3eba8d-d5ea-e811-f9e6-09f9681230ef">
      <Execution id="e878dd0e-b160-4f23-a2f7-c98f563bf0d9" />
      <TestMethod codeBase="D:/aspose/swagger/swagger-codegen-2.0.17/aspose/csharp/pdf/PDFTest/bin/Debug/PDFTest.DLL" adapterTypeName="Microsoft.VisualStudio.TestTools.TestTypes.Unit.UnitTestAdapter, Microsoft.VisualStudio.QualityTools.Tips.UnitTest.Adapter, Version=10.0.0.0, Culture=neutral, PublicKeyToken=b03f5f7f11d50a3a" className="PDFTest.TestPdfApi, PDFTest, Version=1.0.0.0, Culture=neutral, PublicKeyToken=null" name="TestGetDocumentAttachmentByIndex" />
    </UnitTest>
    <UnitTest name="TestGetTextItems" storage="d:\aspose\swagger\swagger-codegen-2.0.17\aspose\csharp\pdf\pdftest\bin\debug\pdftest.dll" id="b5b3a7a5-e803-02ce-9ee7-4950961e8d6e">
      <Execution id="ffe8d1a8-fccd-4829-b5a0-6ea67a5a2b5e" />
      <TestMethod codeBase="D:/aspose/swagger/swagger-codegen-2.0.17/aspose/csharp/pdf/PDFTest/bin/Debug/PDFTest.DLL" adapterTypeName="Microsoft.VisualStudio.TestTools.TestTypes.Unit.UnitTestAdapter, Microsoft.VisualStudio.QualityTools.Tips.UnitTest.Adapter, Version=10.0.0.0, Culture=neutral, PublicKeyToken=b03f5f7f11d50a3a" className="PDFTest.TestPdfApi, PDFTest, Version=1.0.0.0, Culture=neutral, PublicKeyToken=null" name="TestGetTextItems" />
    </UnitTest>
    <UnitTest name="TestGetPageTextItems" storage="d:\aspose\swagger\swagger-codegen-2.0.17\aspose\csharp\pdf\pdftest\bin\debug\pdftest.dll" id="36dc52c5-15b8-5075-ce84-3621d43d5fa0">
      <Execution id="962b7296-2ebf-440d-90ff-bf6c9f5df86e" />
      <TestMethod codeBase="D:/aspose/swagger/swagger-codegen-2.0.17/aspose/csharp/pdf/PDFTest/bin/Debug/PDFTest.DLL" adapterTypeName="Microsoft.VisualStudio.TestTools.TestTypes.Unit.UnitTestAdapter, Microsoft.VisualStudio.QualityTools.Tips.UnitTest.Adapter, Version=10.0.0.0, Culture=neutral, PublicKeyToken=b03f5f7f11d50a3a" className="PDFTest.TestPdfApi, PDFTest, Version=1.0.0.0, Culture=neutral, PublicKeyToken=null" name="TestGetPageTextItems" />
    </UnitTest>
    <UnitTest name="TestPostCreateField" storage="d:\aspose\swagger\swagger-codegen-2.0.17\aspose\csharp\pdf\pdftest\bin\debug\pdftest.dll" id="16bd0325-2d73-4184-3027-542fe60cb0f0">
      <Execution id="01cb6175-5389-4c15-9726-af9fb9d7ba8e" />
      <TestMethod codeBase="D:/aspose/swagger/swagger-codegen-2.0.17/aspose/csharp/pdf/PDFTest/bin/Debug/PDFTest.DLL" adapterTypeName="Microsoft.VisualStudio.TestTools.TestTypes.Unit.UnitTestAdapter, Microsoft.VisualStudio.QualityTools.Tips.UnitTest.Adapter, Version=10.0.0.0, Culture=neutral, PublicKeyToken=b03f5f7f11d50a3a" className="PDFTest.TestPdfApi, PDFTest, Version=1.0.0.0, Culture=neutral, PublicKeyToken=null" name="TestPostCreateField" />
    </UnitTest>
    <UnitTest name="TestGetDocumentWithFormat" storage="d:\aspose\swagger\swagger-codegen-2.0.17\aspose\csharp\pdf\pdftest\bin\debug\pdftest.dll" id="eab57586-2195-84c3-02e1-fe3f245be47b">
      <Execution id="9eefa4b3-ff01-4a06-b555-9e98bfd0a3aa" />
      <TestMethod codeBase="D:/aspose/swagger/swagger-codegen-2.0.17/aspose/csharp/pdf/PDFTest/bin/Debug/PDFTest.DLL" adapterTypeName="Microsoft.VisualStudio.TestTools.TestTypes.Unit.UnitTestAdapter, Microsoft.VisualStudio.QualityTools.Tips.UnitTest.Adapter, Version=10.0.0.0, Culture=neutral, PublicKeyToken=b03f5f7f11d50a3a" className="PDFTest.TestPdfApi, PDFTest, Version=1.0.0.0, Culture=neutral, PublicKeyToken=null" name="TestGetDocumentWithFormat" />
    </UnitTest>
    <UnitTest name="TestGetPageAnnotation" storage="d:\aspose\swagger\swagger-codegen-2.0.17\aspose\csharp\pdf\pdftest\bin\debug\pdftest.dll" id="67430ff2-06c5-9a55-ee3c-8d2fb53b7766">
      <Execution id="5f770915-d9b9-4f50-a73d-485c721f656c" />
      <TestMethod codeBase="D:/aspose/swagger/swagger-codegen-2.0.17/aspose/csharp/pdf/PDFTest/bin/Debug/PDFTest.DLL" adapterTypeName="Microsoft.VisualStudio.TestTools.TestTypes.Unit.UnitTestAdapter, Microsoft.VisualStudio.QualityTools.Tips.UnitTest.Adapter, Version=10.0.0.0, Culture=neutral, PublicKeyToken=b03f5f7f11d50a3a" className="PDFTest.TestPdfApi, PDFTest, Version=1.0.0.0, Culture=neutral, PublicKeyToken=null" name="TestGetPageAnnotation" />
    </UnitTest>
    <UnitTest name="TestGetDownloadDocumentAttachmentByIndex" storage="d:\aspose\swagger\swagger-codegen-2.0.17\aspose\csharp\pdf\pdftest\bin\debug\pdftest.dll" id="d0b7e70d-a5e3-a504-db97-f5fcc81b2ff6">
      <Execution id="ca38d5c8-0086-474f-8631-337fb55aaa4d" />
      <TestMethod codeBase="D:/aspose/swagger/swagger-codegen-2.0.17/aspose/csharp/pdf/PDFTest/bin/Debug/PDFTest.DLL" adapterTypeName="Microsoft.VisualStudio.TestTools.TestTypes.Unit.UnitTestAdapter, Microsoft.VisualStudio.QualityTools.Tips.UnitTest.Adapter, Version=10.0.0.0, Culture=neutral, PublicKeyToken=b03f5f7f11d50a3a" className="PDFTest.TestPdfApi, PDFTest, Version=1.0.0.0, Culture=neutral, PublicKeyToken=null" name="TestGetDownloadDocumentAttachmentByIndex" />
    </UnitTest>
    <UnitTest name="TestPostDocumentReplaceTextList" storage="d:\aspose\swagger\swagger-codegen-2.0.17\aspose\csharp\pdf\pdftest\bin\debug\pdftest.dll" id="018d07ca-a2e4-a2eb-03c7-ef6f3dd9b027">
      <Execution id="d2aab7b7-0c01-4b35-a75b-8144f7f4afdb" />
      <TestMethod codeBase="D:/aspose/swagger/swagger-codegen-2.0.17/aspose/csharp/pdf/PDFTest/bin/Debug/PDFTest.DLL" adapterTypeName="Microsoft.VisualStudio.TestTools.TestTypes.Unit.UnitTestAdapter, Microsoft.VisualStudio.QualityTools.Tips.UnitTest.Adapter, Version=10.0.0.0, Culture=neutral, PublicKeyToken=b03f5f7f11d50a3a" className="PDFTest.TestPdfApi, PDFTest, Version=1.0.0.0, Culture=neutral, PublicKeyToken=null" name="TestPostDocumentReplaceTextList" />
    </UnitTest>
    <UnitTest name="TestDeleteProperties" storage="d:\aspose\swagger\swagger-codegen-2.0.17\aspose\csharp\pdf\pdftest\bin\debug\pdftest.dll" id="09d06465-53ba-defe-bcc1-eeee34a6f98d">
      <Execution id="3bbcfef4-86c5-4762-affc-5a4ffea89abf" />
      <TestMethod codeBase="D:/aspose/swagger/swagger-codegen-2.0.17/aspose/csharp/pdf/PDFTest/bin/Debug/PDFTest.DLL" adapterTypeName="Microsoft.VisualStudio.TestTools.TestTypes.Unit.UnitTestAdapter, Microsoft.VisualStudio.QualityTools.Tips.UnitTest.Adapter, Version=10.0.0.0, Culture=neutral, PublicKeyToken=b03f5f7f11d50a3a" className="PDFTest.TestPdfApi, PDFTest, Version=1.0.0.0, Culture=neutral, PublicKeyToken=null" name="TestDeleteProperties" />
    </UnitTest>
    <UnitTest name="TestPostDocumentReplaceText" storage="d:\aspose\swagger\swagger-codegen-2.0.17\aspose\csharp\pdf\pdftest\bin\debug\pdftest.dll" id="fb32250c-83f1-0fc0-e8e5-82cefd38d707">
      <Execution id="83ecc2d5-3b14-48f4-8e51-41c39c476a42" />
      <TestMethod codeBase="D:/aspose/swagger/swagger-codegen-2.0.17/aspose/csharp/pdf/PDFTest/bin/Debug/PDFTest.DLL" adapterTypeName="Microsoft.VisualStudio.TestTools.TestTypes.Unit.UnitTestAdapter, Microsoft.VisualStudio.QualityTools.Tips.UnitTest.Adapter, Version=10.0.0.0, Culture=neutral, PublicKeyToken=b03f5f7f11d50a3a" className="PDFTest.TestPdfApi, PDFTest, Version=1.0.0.0, Culture=neutral, PublicKeyToken=null" name="TestPostDocumentReplaceText" />
    </UnitTest>
    <UnitTest name="TestGetPages" storage="d:\aspose\swagger\swagger-codegen-2.0.17\aspose\csharp\pdf\pdftest\bin\debug\pdftest.dll" id="ce2e1115-b196-1e82-fd33-e920505bea43">
      <Execution id="3fea4df0-d2a2-4c04-828c-43edb8bc16fc" />
      <TestMethod codeBase="D:/aspose/swagger/swagger-codegen-2.0.17/aspose/csharp/pdf/PDFTest/bin/Debug/PDFTest.DLL" adapterTypeName="Microsoft.VisualStudio.TestTools.TestTypes.Unit.UnitTestAdapter, Microsoft.VisualStudio.QualityTools.Tips.UnitTest.Adapter, Version=10.0.0.0, Culture=neutral, PublicKeyToken=b03f5f7f11d50a3a" className="PDFTest.TestPdfApi, PDFTest, Version=1.0.0.0, Culture=neutral, PublicKeyToken=null" name="TestGetPages" />
    </UnitTest>
    <UnitTest name="TestPutSetProperty" storage="d:\aspose\swagger\swagger-codegen-2.0.17\aspose\csharp\pdf\pdftest\bin\debug\pdftest.dll" id="f0622397-d5a2-9175-8744-2cadcd55d58e">
      <Execution id="f9460503-8dc7-4330-b596-c051ac4e9eff" />
      <TestMethod codeBase="D:/aspose/swagger/swagger-codegen-2.0.17/aspose/csharp/pdf/PDFTest/bin/Debug/PDFTest.DLL" adapterTypeName="Microsoft.VisualStudio.TestTools.TestTypes.Unit.UnitTestAdapter, Microsoft.VisualStudio.QualityTools.Tips.UnitTest.Adapter, Version=10.0.0.0, Culture=neutral, PublicKeyToken=b03f5f7f11d50a3a" className="PDFTest.TestPdfApi, PDFTest, Version=1.0.0.0, Culture=neutral, PublicKeyToken=null" name="TestPutSetProperty" />
    </UnitTest>
    <UnitTest name="TestPutAddNewPage" storage="d:\aspose\swagger\swagger-codegen-2.0.17\aspose\csharp\pdf\pdftest\bin\debug\pdftest.dll" id="ec416dec-7196-6ce4-3bac-c9ef74a99c9d">
      <Execution id="0f3fd887-6fe4-4f60-a1f0-a116a5cadc96" />
      <TestMethod codeBase="D:/aspose/swagger/swagger-codegen-2.0.17/aspose/csharp/pdf/PDFTest/bin/Debug/PDFTest.DLL" adapterTypeName="Microsoft.VisualStudio.TestTools.TestTypes.Unit.UnitTestAdapter, Microsoft.VisualStudio.QualityTools.Tips.UnitTest.Adapter, Version=10.0.0.0, Culture=neutral, PublicKeyToken=b03f5f7f11d50a3a" className="PDFTest.TestPdfApi, PDFTest, Version=1.0.0.0, Culture=neutral, PublicKeyToken=null" name="TestPutAddNewPage" />
    </UnitTest>
    <UnitTest name="TestPutConvertDocument" storage="d:\aspose\swagger\swagger-codegen-2.0.17\aspose\csharp\pdf\pdftest\bin\debug\pdftest.dll" id="a1040a0d-d0ea-01c7-0c6d-6067d003d958">
      <Execution id="6600ed2e-11c9-4a2e-a212-b1df80832459" />
      <TestMethod codeBase="D:/aspose/swagger/swagger-codegen-2.0.17/aspose/csharp/pdf/PDFTest/bin/Debug/PDFTest.DLL" adapterTypeName="Microsoft.VisualStudio.TestTools.TestTypes.Unit.UnitTestAdapter, Microsoft.VisualStudio.QualityTools.Tips.UnitTest.Adapter, Version=10.0.0.0, Culture=neutral, PublicKeyToken=b03f5f7f11d50a3a" className="PDFTest.TestPdfApi, PDFTest, Version=1.0.0.0, Culture=neutral, PublicKeyToken=null" name="TestPutConvertDocument" />
    </UnitTest>
    <UnitTest name="TestPutUpdateField" storage="d:\aspose\swagger\swagger-codegen-2.0.17\aspose\csharp\pdf\pdftest\bin\debug\pdftest.dll" id="77dcbc6f-1d34-0c2c-d8ac-ec2677c1afae">
      <Execution id="f93787d6-707f-4834-95bc-affea3118525" />
      <TestMethod codeBase="D:/aspose/swagger/swagger-codegen-2.0.17/aspose/csharp/pdf/PDFTest/bin/Debug/PDFTest.DLL" adapterTypeName="Microsoft.VisualStudio.TestTools.TestTypes.Unit.UnitTestAdapter, Microsoft.VisualStudio.QualityTools.Tips.UnitTest.Adapter, Version=10.0.0.0, Culture=neutral, PublicKeyToken=b03f5f7f11d50a3a" className="PDFTest.TestPdfApi, PDFTest, Version=1.0.0.0, Culture=neutral, PublicKeyToken=null" name="TestPutUpdateField" />
    </UnitTest>
    <UnitTest name="TestGetFields" storage="d:\aspose\swagger\swagger-codegen-2.0.17\aspose\csharp\pdf\pdftest\bin\debug\pdftest.dll" id="ec7fc810-a5da-bc48-6eb9-9ca6c22ee2c6">
      <Execution id="a0d282cd-811a-4ceb-a1e6-c9d43fa08a57" />
      <TestMethod codeBase="D:/aspose/swagger/swagger-codegen-2.0.17/aspose/csharp/pdf/PDFTest/bin/Debug/PDFTest.DLL" adapterTypeName="Microsoft.VisualStudio.TestTools.TestTypes.Unit.UnitTestAdapter, Microsoft.VisualStudio.QualityTools.Tips.UnitTest.Adapter, Version=10.0.0.0, Culture=neutral, PublicKeyToken=b03f5f7f11d50a3a" className="PDFTest.TestPdfApi, PDFTest, Version=1.0.0.0, Culture=neutral, PublicKeyToken=null" name="TestGetFields" />
    </UnitTest>
    <UnitTest name="TestGetPageAnnotations" storage="d:\aspose\swagger\swagger-codegen-2.0.17\aspose\csharp\pdf\pdftest\bin\debug\pdftest.dll" id="c458249b-5fda-eb62-bb64-ea6c81eab74c">
      <Execution id="3ec5c146-4955-431a-ae85-00ea5da7eb18" />
      <TestMethod codeBase="D:/aspose/swagger/swagger-codegen-2.0.17/aspose/csharp/pdf/PDFTest/bin/Debug/PDFTest.DLL" adapterTypeName="Microsoft.VisualStudio.TestTools.TestTypes.Unit.UnitTestAdapter, Microsoft.VisualStudio.QualityTools.Tips.UnitTest.Adapter, Version=10.0.0.0, Culture=neutral, PublicKeyToken=b03f5f7f11d50a3a" className="PDFTest.TestPdfApi, PDFTest, Version=1.0.0.0, Culture=neutral, PublicKeyToken=null" name="TestGetPageAnnotations" />
    </UnitTest>
    <UnitTest name="TestPostPageReplaceTextList" storage="d:\aspose\swagger\swagger-codegen-2.0.17\aspose\csharp\pdf\pdftest\bin\debug\pdftest.dll" id="c1a32a6f-adbc-ba1e-4e82-4aaf79f5e093">
      <Execution id="28d596dd-41ad-4d89-adda-d6a9522d9145" />
      <TestMethod codeBase="D:/aspose/swagger/swagger-codegen-2.0.17/aspose/csharp/pdf/PDFTest/bin/Debug/PDFTest.DLL" adapterTypeName="Microsoft.VisualStudio.TestTools.TestTypes.Unit.UnitTestAdapter, Microsoft.VisualStudio.QualityTools.Tips.UnitTest.Adapter, Version=10.0.0.0, Culture=neutral, PublicKeyToken=b03f5f7f11d50a3a" className="PDFTest.TestPdfApi, PDFTest, Version=1.0.0.0, Culture=neutral, PublicKeyToken=null" name="TestPostPageReplaceTextList" />
    </UnitTest>
    <UnitTest name="TestGetSegment" storage="d:\aspose\swagger\swagger-codegen-2.0.17\aspose\csharp\pdf\pdftest\bin\debug\pdftest.dll" id="574ac201-abfc-005f-b011-3beb5f0f1df8">
      <Execution id="ff64478f-08b9-45cf-8f71-8ea896eeba42" />
      <TestMethod codeBase="D:/aspose/swagger/swagger-codegen-2.0.17/aspose/csharp/pdf/PDFTest/bin/Debug/PDFTest.DLL" adapterTypeName="Microsoft.VisualStudio.TestTools.TestTypes.Unit.UnitTestAdapter, Microsoft.VisualStudio.QualityTools.Tips.UnitTest.Adapter, Version=10.0.0.0, Culture=neutral, PublicKeyToken=b03f5f7f11d50a3a" className="PDFTest.TestPdfApi, PDFTest, Version=1.0.0.0, Culture=neutral, PublicKeyToken=null" name="TestGetSegment" />
    </UnitTest>
    <UnitTest name="TestDeletePage" storage="d:\aspose\swagger\swagger-codegen-2.0.17\aspose\csharp\pdf\pdftest\bin\debug\pdftest.dll" id="544f047d-b1f0-0d98-7634-3cc96005a8b1">
      <Execution id="b502d288-e936-4a64-8a61-de9111d1b342" />
      <TestMethod codeBase="D:/aspose/swagger/swagger-codegen-2.0.17/aspose/csharp/pdf/PDFTest/bin/Debug/PDFTest.DLL" adapterTypeName="Microsoft.VisualStudio.TestTools.TestTypes.Unit.UnitTestAdapter, Microsoft.VisualStudio.QualityTools.Tips.UnitTest.Adapter, Version=10.0.0.0, Culture=neutral, PublicKeyToken=b03f5f7f11d50a3a" className="PDFTest.TestPdfApi, PDFTest, Version=1.0.0.0, Culture=neutral, PublicKeyToken=null" name="TestDeletePage" />
    </UnitTest>
    <UnitTest name="TestGetPageLinkAnnotations" storage="d:\aspose\swagger\swagger-codegen-2.0.17\aspose\csharp\pdf\pdftest\bin\debug\pdftest.dll" id="49b12b1f-a0dc-ba8f-68a2-55a99c2f6a9d">
      <Execution id="c43509eb-aaa1-4fe4-9e6b-1c13af3ec2b0" />
      <TestMethod codeBase="D:/aspose/swagger/swagger-codegen-2.0.17/aspose/csharp/pdf/PDFTest/bin/Debug/PDFTest.DLL" adapterTypeName="Microsoft.VisualStudio.TestTools.TestTypes.Unit.UnitTestAdapter, Microsoft.VisualStudio.QualityTools.Tips.UnitTest.Adapter, Version=10.0.0.0, Culture=neutral, PublicKeyToken=b03f5f7f11d50a3a" className="PDFTest.TestPdfApi, PDFTest, Version=1.0.0.0, Culture=neutral, PublicKeyToken=null" name="TestGetPageLinkAnnotations" />
    </UnitTest>
    <UnitTest name="TestPostReplaceImage" storage="d:\aspose\swagger\swagger-codegen-2.0.17\aspose\csharp\pdf\pdftest\bin\debug\pdftest.dll" id="919d767b-2048-5f7e-686c-ed10740581c2">
      <Execution id="7f21259a-00b7-4c7c-a817-88f89449851f" />
      <TestMethod codeBase="D:/aspose/swagger/swagger-codegen-2.0.17/aspose/csharp/pdf/PDFTest/bin/Debug/PDFTest.DLL" adapterTypeName="Microsoft.VisualStudio.TestTools.TestTypes.Unit.UnitTestAdapter, Microsoft.VisualStudio.QualityTools.Tips.UnitTest.Adapter, Version=10.0.0.0, Culture=neutral, PublicKeyToken=b03f5f7f11d50a3a" className="PDFTest.TestPdfApi, PDFTest, Version=1.0.0.0, Culture=neutral, PublicKeyToken=null" name="TestPostReplaceImage" />
    </UnitTest>
    <UnitTest name="TestPutMergeDocuments" storage="d:\aspose\swagger\swagger-codegen-2.0.17\aspose\csharp\pdf\pdftest\bin\debug\pdftest.dll" id="b92e09f1-51f2-b54f-9283-aabe7209c054">
      <Execution id="e83f3ab4-4b43-427d-b7e1-a08c53398a19" />
      <TestMethod codeBase="D:/aspose/swagger/swagger-codegen-2.0.17/aspose/csharp/pdf/PDFTest/bin/Debug/PDFTest.DLL" adapterTypeName="Microsoft.VisualStudio.TestTools.TestTypes.Unit.UnitTestAdapter, Microsoft.VisualStudio.QualityTools.Tips.UnitTest.Adapter, Version=10.0.0.0, Culture=neutral, PublicKeyToken=b03f5f7f11d50a3a" className="PDFTest.TestPdfApi, PDFTest, Version=1.0.0.0, Culture=neutral, PublicKeyToken=null" name="TestPutMergeDocuments" />
    </UnitTest>
    <UnitTest name="TestPutCreateDocument" storage="d:\aspose\swagger\swagger-codegen-2.0.17\aspose\csharp\pdf\pdftest\bin\debug\pdftest.dll" id="dcdda182-d796-faf6-24fa-dd8f471ce839">
      <Execution id="747dcf78-3a3e-476b-a021-ea4e38d27898" />
      <TestMethod codeBase="D:/aspose/swagger/swagger-codegen-2.0.17/aspose/csharp/pdf/PDFTest/bin/Debug/PDFTest.DLL" adapterTypeName="Microsoft.VisualStudio.TestTools.TestTypes.Unit.UnitTestAdapter, Microsoft.VisualStudio.QualityTools.Tips.UnitTest.Adapter, Version=10.0.0.0, Culture=neutral, PublicKeyToken=b03f5f7f11d50a3a" className="PDFTest.TestPdfApi, PDFTest, Version=1.0.0.0, Culture=neutral, PublicKeyToken=null" name="TestPutCreateDocument" />
    </UnitTest>
    <UnitTest name="TestGetImage" storage="d:\aspose\swagger\swagger-codegen-2.0.17\aspose\csharp\pdf\pdftest\bin\debug\pdftest.dll" id="8f3705c4-daa6-227e-0abe-d307a8c4050c">
      <Execution id="943c9a00-88bd-4300-9d1c-2b02ffc7f2db" />
      <TestMethod codeBase="D:/aspose/swagger/swagger-codegen-2.0.17/aspose/csharp/pdf/PDFTest/bin/Debug/PDFTest.DLL" adapterTypeName="Microsoft.VisualStudio.TestTools.TestTypes.Unit.UnitTestAdapter, Microsoft.VisualStudio.QualityTools.Tips.UnitTest.Adapter, Version=10.0.0.0, Culture=neutral, PublicKeyToken=b03f5f7f11d50a3a" className="PDFTest.TestPdfApi, PDFTest, Version=1.0.0.0, Culture=neutral, PublicKeyToken=null" name="TestGetImage" />
    </UnitTest>
    <UnitTest name="TestGetImages" storage="d:\aspose\swagger\swagger-codegen-2.0.17\aspose\csharp\pdf\pdftest\bin\debug\pdftest.dll" id="aeb346ef-b0c0-40c0-1a55-6c1d5754fa5c">
      <Execution id="271dfe97-b3cb-403c-97ae-df529c81457b" />
      <TestMethod codeBase="D:/aspose/swagger/swagger-codegen-2.0.17/aspose/csharp/pdf/PDFTest/bin/Debug/PDFTest.DLL" adapterTypeName="Microsoft.VisualStudio.TestTools.TestTypes.Unit.UnitTestAdapter, Microsoft.VisualStudio.QualityTools.Tips.UnitTest.Adapter, Version=10.0.0.0, Culture=neutral, PublicKeyToken=b03f5f7f11d50a3a" className="PDFTest.TestPdfApi, PDFTest, Version=1.0.0.0, Culture=neutral, PublicKeyToken=null" name="TestGetImages" />
    </UnitTest>
    <UnitTest name="TestGetSegmentTextFormat" storage="d:\aspose\swagger\swagger-codegen-2.0.17\aspose\csharp\pdf\pdftest\bin\debug\pdftest.dll" id="b72ee37c-ae73-83d4-6cec-397c81a454b6">
      <Execution id="18e0a98a-4809-4881-a065-608d03016ed5" />
      <TestMethod codeBase="D:/aspose/swagger/swagger-codegen-2.0.17/aspose/csharp/pdf/PDFTest/bin/Debug/PDFTest.DLL" adapterTypeName="Microsoft.VisualStudio.TestTools.TestTypes.Unit.UnitTestAdapter, Microsoft.VisualStudio.QualityTools.Tips.UnitTest.Adapter, Version=10.0.0.0, Culture=neutral, PublicKeyToken=b03f5f7f11d50a3a" className="PDFTest.TestPdfApi, PDFTest, Version=1.0.0.0, Culture=neutral, PublicKeyToken=null" name="TestGetSegmentTextFormat" />
    </UnitTest>
    <UnitTest name="TestGetSegments" storage="d:\aspose\swagger\swagger-codegen-2.0.17\aspose\csharp\pdf\pdftest\bin\debug\pdftest.dll" id="30aaf353-51ba-38b7-7107-1160aeb3c86b">
      <Execution id="a7b5aa1b-2413-4633-9923-db7704eb7919" />
      <TestMethod codeBase="D:/aspose/swagger/swagger-codegen-2.0.17/aspose/csharp/pdf/PDFTest/bin/Debug/PDFTest.DLL" adapterTypeName="Microsoft.VisualStudio.TestTools.TestTypes.Unit.UnitTestAdapter, Microsoft.VisualStudio.QualityTools.Tips.UnitTest.Adapter, Version=10.0.0.0, Culture=neutral, PublicKeyToken=b03f5f7f11d50a3a" className="PDFTest.TestPdfApi, PDFTest, Version=1.0.0.0, Culture=neutral, PublicKeyToken=null" name="TestGetSegments" />
    </UnitTest>
    <UnitTest name="TestGetPageLinkAnnotationByIndex" storage="d:\aspose\swagger\swagger-codegen-2.0.17\aspose\csharp\pdf\pdftest\bin\debug\pdftest.dll" id="b01b97fc-08eb-47ee-1752-a0b53fb1532a">
      <Execution id="e58dd7a4-ecae-433f-ac12-fdf5942058dd" />
      <TestMethod codeBase="D:/aspose/swagger/swagger-codegen-2.0.17/aspose/csharp/pdf/PDFTest/bin/Debug/PDFTest.DLL" adapterTypeName="Microsoft.VisualStudio.TestTools.TestTypes.Unit.UnitTestAdapter, Microsoft.VisualStudio.QualityTools.Tips.UnitTest.Adapter, Version=10.0.0.0, Culture=neutral, PublicKeyToken=b03f5f7f11d50a3a" className="PDFTest.TestPdfApi, PDFTest, Version=1.0.0.0, Culture=neutral, PublicKeyToken=null" name="TestGetPageLinkAnnotationByIndex" />
    </UnitTest>
    <UnitTest name="TestPutPageAddStamp" storage="d:\aspose\swagger\swagger-codegen-2.0.17\aspose\csharp\pdf\pdftest\bin\debug\pdftest.dll" id="369d6cb1-d255-4a7c-e78e-3b2f13d5db34">
      <Execution id="cede48ca-4841-48e8-8bf3-9374b89ccd89" />
      <TestMethod codeBase="D:/aspose/swagger/swagger-codegen-2.0.17/aspose/csharp/pdf/PDFTest/bin/Debug/PDFTest.DLL" adapterTypeName="Microsoft.VisualStudio.TestTools.TestTypes.Unit.UnitTestAdapter, Microsoft.VisualStudio.QualityTools.Tips.UnitTest.Adapter, Version=10.0.0.0, Culture=neutral, PublicKeyToken=b03f5f7f11d50a3a" className="PDFTest.TestPdfApi, PDFTest, Version=1.0.0.0, Culture=neutral, PublicKeyToken=null" name="TestPutPageAddStamp" />
    </UnitTest>
    <UnitTest name="TestGetPageWithFormat" storage="d:\aspose\swagger\swagger-codegen-2.0.17\aspose\csharp\pdf\pdftest\bin\debug\pdftest.dll" id="be71bc68-702f-ff2e-5165-63ab543180b5">
      <Execution id="17e9d069-5cc1-4f26-8200-39110e71a087" />
      <TestMethod codeBase="D:/aspose/swagger/swagger-codegen-2.0.17/aspose/csharp/pdf/PDFTest/bin/Debug/PDFTest.DLL" adapterTypeName="Microsoft.VisualStudio.TestTools.TestTypes.Unit.UnitTestAdapter, Microsoft.VisualStudio.QualityTools.Tips.UnitTest.Adapter, Version=10.0.0.0, Culture=neutral, PublicKeyToken=b03f5f7f11d50a3a" className="PDFTest.TestPdfApi, PDFTest, Version=1.0.0.0, Culture=neutral, PublicKeyToken=null" name="TestGetPageWithFormat" />
    </UnitTest>
    <UnitTest name="TestGetDocumentBookmarksChildren" storage="d:\aspose\swagger\swagger-codegen-2.0.17\aspose\csharp\pdf\pdftest\bin\debug\pdftest.dll" id="4eded4ba-70b4-50c1-eb86-d1e634ff6ff9">
      <Execution id="7f9db40d-ae7a-41d5-8e6e-3f2d5fdc92e5" />
      <TestMethod codeBase="D:/aspose/swagger/swagger-codegen-2.0.17/aspose/csharp/pdf/PDFTest/bin/Debug/PDFTest.DLL" adapterTypeName="Microsoft.VisualStudio.TestTools.TestTypes.Unit.UnitTestAdapter, Microsoft.VisualStudio.QualityTools.Tips.UnitTest.Adapter, Version=10.0.0.0, Culture=neutral, PublicKeyToken=b03f5f7f11d50a3a" className="PDFTest.TestPdfApi, PDFTest, Version=1.0.0.0, Culture=neutral, PublicKeyToken=null" name="TestGetDocumentBookmarksChildren" />
    </UnitTest>
    <UnitTest name="TestPostSplitDocument" storage="d:\aspose\swagger\swagger-codegen-2.0.17\aspose\csharp\pdf\pdftest\bin\debug\pdftest.dll" id="7817cb41-fdc2-0985-0960-66301b92e8ac">
      <Execution id="d6fa7aa2-ced4-4775-b652-cd7976db8e22" />
      <TestMethod codeBase="D:/aspose/swagger/swagger-codegen-2.0.17/aspose/csharp/pdf/PDFTest/bin/Debug/PDFTest.DLL" adapterTypeName="Microsoft.VisualStudio.TestTools.TestTypes.Unit.UnitTestAdapter, Microsoft.VisualStudio.QualityTools.Tips.UnitTest.Adapter, Version=10.0.0.0, Culture=neutral, PublicKeyToken=b03f5f7f11d50a3a" className="PDFTest.TestPdfApi, PDFTest, Version=1.0.0.0, Culture=neutral, PublicKeyToken=null" name="TestPostSplitDocument" />
    </UnitTest>
    <UnitTest name="TestPutDocumentSaveAsTiff" storage="d:\aspose\swagger\swagger-codegen-2.0.17\aspose\csharp\pdf\pdftest\bin\debug\pdftest.dll" id="bd8714c8-7e98-8eef-58da-d886df477e8f">
      <Execution id="efdf79c2-5612-4592-93ac-abaf1c9f8706" />
      <TestMethod codeBase="D:/aspose/swagger/swagger-codegen-2.0.17/aspose/csharp/pdf/PDFTest/bin/Debug/PDFTest.DLL" adapterTypeName="Microsoft.VisualStudio.TestTools.TestTypes.Unit.UnitTestAdapter, Microsoft.VisualStudio.QualityTools.Tips.UnitTest.Adapter, Version=10.0.0.0, Culture=neutral, PublicKeyToken=b03f5f7f11d50a3a" className="PDFTest.TestPdfApi, PDFTest, Version=1.0.0.0, Culture=neutral, PublicKeyToken=null" name="TestPutDocumentSaveAsTiff" />
    </UnitTest>
    <UnitTest name="TestGetImageWithFormat" storage="d:\aspose\swagger\swagger-codegen-2.0.17\aspose\csharp\pdf\pdftest\bin\debug\pdftest.dll" id="4234b156-5caf-c22b-f3f8-a8282850ffb4">
      <Execution id="59072ca1-39ee-4f7e-be6f-3b9f3b463bc8" />
      <TestMethod codeBase="D:/aspose/swagger/swagger-codegen-2.0.17/aspose/csharp/pdf/PDFTest/bin/Debug/PDFTest.DLL" adapterTypeName="Microsoft.VisualStudio.TestTools.TestTypes.Unit.UnitTestAdapter, Microsoft.VisualStudio.QualityTools.Tips.UnitTest.Adapter, Version=10.0.0.0, Culture=neutral, PublicKeyToken=b03f5f7f11d50a3a" className="PDFTest.TestPdfApi, PDFTest, Version=1.0.0.0, Culture=neutral, PublicKeyToken=null" name="TestGetImageWithFormat" />
    </UnitTest>
    <UnitTest name="TestDeleteProperty" storage="d:\aspose\swagger\swagger-codegen-2.0.17\aspose\csharp\pdf\pdftest\bin\debug\pdftest.dll" id="4ef86ff8-465c-b4ef-9960-5b417177a327">
      <Execution id="12906ac3-733d-48fd-bc02-61262f122050" />
      <TestMethod codeBase="D:/aspose/swagger/swagger-codegen-2.0.17/aspose/csharp/pdf/PDFTest/bin/Debug/PDFTest.DLL" adapterTypeName="Microsoft.VisualStudio.TestTools.TestTypes.Unit.UnitTestAdapter, Microsoft.VisualStudio.QualityTools.Tips.UnitTest.Adapter, Version=10.0.0.0, Culture=neutral, PublicKeyToken=b03f5f7f11d50a3a" className="PDFTest.TestPdfApi, PDFTest, Version=1.0.0.0, Culture=neutral, PublicKeyToken=null" name="TestDeleteProperty" />
    </UnitTest>
    <UnitTest name="TestPutUpdateFields" storage="d:\aspose\swagger\swagger-codegen-2.0.17\aspose\csharp\pdf\pdftest\bin\debug\pdftest.dll" id="4a1e0c87-93b4-2852-a359-7554778ed935">
      <Execution id="5c2becfa-6ed4-4f9c-9a27-fb1715af4a7e" />
      <TestMethod codeBase="D:/aspose/swagger/swagger-codegen-2.0.17/aspose/csharp/pdf/PDFTest/bin/Debug/PDFTest.DLL" adapterTypeName="Microsoft.VisualStudio.TestTools.TestTypes.Unit.UnitTestAdapter, Microsoft.VisualStudio.QualityTools.Tips.UnitTest.Adapter, Version=10.0.0.0, Culture=neutral, PublicKeyToken=b03f5f7f11d50a3a" className="PDFTest.TestPdfApi, PDFTest, Version=1.0.0.0, Culture=neutral, PublicKeyToken=null" name="TestPutUpdateFields" />
    </UnitTest>
    <UnitTest name="TestGetFragmentTextFormat" storage="d:\aspose\swagger\swagger-codegen-2.0.17\aspose\csharp\pdf\pdftest\bin\debug\pdftest.dll" id="209555e4-3e93-717a-7d1c-f7fd868b8604">
      <Execution id="81ac2cc3-afd5-49f2-a24f-6686f937c72a" />
      <TestMethod codeBase="D:/aspose/swagger/swagger-codegen-2.0.17/aspose/csharp/pdf/PDFTest/bin/Debug/PDFTest.DLL" adapterTypeName="Microsoft.VisualStudio.TestTools.TestTypes.Unit.UnitTestAdapter, Microsoft.VisualStudio.QualityTools.Tips.UnitTest.Adapter, Version=10.0.0.0, Culture=neutral, PublicKeyToken=b03f5f7f11d50a3a" className="PDFTest.TestPdfApi, PDFTest, Version=1.0.0.0, Culture=neutral, PublicKeyToken=null" name="TestGetFragmentTextFormat" />
    </UnitTest>
    <UnitTest name="TestGetFragment" storage="d:\aspose\swagger\swagger-codegen-2.0.17\aspose\csharp\pdf\pdftest\bin\debug\pdftest.dll" id="d45a5ce5-5088-4833-9c09-6aa4ddc616d9">
      <Execution id="e8d25b5e-f93e-48f9-ada0-3c5a5578f046" />
      <TestMethod codeBase="D:/aspose/swagger/swagger-codegen-2.0.17/aspose/csharp/pdf/PDFTest/bin/Debug/PDFTest.DLL" adapterTypeName="Microsoft.VisualStudio.TestTools.TestTypes.Unit.UnitTestAdapter, Microsoft.VisualStudio.QualityTools.Tips.UnitTest.Adapter, Version=10.0.0.0, Culture=neutral, PublicKeyToken=b03f5f7f11d50a3a" className="PDFTest.TestPdfApi, PDFTest, Version=1.0.0.0, Culture=neutral, PublicKeyToken=null" name="TestGetFragment" />
    </UnitTest>
    <UnitTest name="TestPostAppendDocument" storage="d:\aspose\swagger\swagger-codegen-2.0.17\aspose\csharp\pdf\pdftest\bin\debug\pdftest.dll" id="1130ff1c-04b1-27eb-1262-439a047fa57c">
      <Execution id="b6c358e7-0917-4d4a-8f42-422b0c04bda2" />
      <TestMethod codeBase="D:/aspose/swagger/swagger-codegen-2.0.17/aspose/csharp/pdf/PDFTest/bin/Debug/PDFTest.DLL" adapterTypeName="Microsoft.VisualStudio.TestTools.TestTypes.Unit.UnitTestAdapter, Microsoft.VisualStudio.QualityTools.Tips.UnitTest.Adapter, Version=10.0.0.0, Culture=neutral, PublicKeyToken=b03f5f7f11d50a3a" className="PDFTest.TestPdfApi, PDFTest, Version=1.0.0.0, Culture=neutral, PublicKeyToken=null" name="TestPostAppendDocument" />
    </UnitTest>
    <UnitTest name="TestPostSignPage" storage="d:\aspose\swagger\swagger-codegen-2.0.17\aspose\csharp\pdf\pdftest\bin\debug\pdftest.dll" id="7bdc0a11-5339-3ece-e7e5-632615449597">
      <Execution id="3f37130c-2d64-4195-8362-7d9a38c43c1a" />
      <TestMethod codeBase="D:/aspose/swagger/swagger-codegen-2.0.17/aspose/csharp/pdf/PDFTest/bin/Debug/PDFTest.DLL" adapterTypeName="Microsoft.VisualStudio.TestTools.TestTypes.Unit.UnitTestAdapter, Microsoft.VisualStudio.QualityTools.Tips.UnitTest.Adapter, Version=10.0.0.0, Culture=neutral, PublicKeyToken=b03f5f7f11d50a3a" className="PDFTest.TestPdfApi, PDFTest, Version=1.0.0.0, Culture=neutral, PublicKeyToken=null" name="TestPostSignPage" />
    </UnitTest>
    <UnitTest name="TestGetFragments" storage="d:\aspose\swagger\swagger-codegen-2.0.17\aspose\csharp\pdf\pdftest\bin\debug\pdftest.dll" id="fc4a1c5c-9fdd-49a6-cb96-aac85d162549">
      <Execution id="9a40fce7-2ce4-45a0-a715-595f3a221525" />
      <TestMethod codeBase="D:/aspose/swagger/swagger-codegen-2.0.17/aspose/csharp/pdf/PDFTest/bin/Debug/PDFTest.DLL" adapterTypeName="Microsoft.VisualStudio.TestTools.TestTypes.Unit.UnitTestAdapter, Microsoft.VisualStudio.QualityTools.Tips.UnitTest.Adapter, Version=10.0.0.0, Culture=neutral, PublicKeyToken=b03f5f7f11d50a3a" className="PDFTest.TestPdfApi, PDFTest, Version=1.0.0.0, Culture=neutral, PublicKeyToken=null" name="TestGetFragments" />
    </UnitTest>
    <UnitTest name="TestGetWordsPerPage" storage="d:\aspose\swagger\swagger-codegen-2.0.17\aspose\csharp\pdf\pdftest\bin\debug\pdftest.dll" id="4d6bee1f-8e06-089c-f20d-a9bf9d17d256">
      <Execution id="7485767c-f36b-453b-a151-26049fca7c62" />
      <TestMethod codeBase="D:/aspose/swagger/swagger-codegen-2.0.17/aspose/csharp/pdf/PDFTest/bin/Debug/PDFTest.DLL" adapterTypeName="Microsoft.VisualStudio.TestTools.TestTypes.Unit.UnitTestAdapter, Microsoft.VisualStudio.QualityTools.Tips.UnitTest.Adapter, Version=10.0.0.0, Culture=neutral, PublicKeyToken=b03f5f7f11d50a3a" className="PDFTest.TestPdfApi, PDFTest, Version=1.0.0.0, Culture=neutral, PublicKeyToken=null" name="TestGetWordsPerPage" />
    </UnitTest>
    <UnitTest name="TestGetField" storage="d:\aspose\swagger\swagger-codegen-2.0.17\aspose\csharp\pdf\pdftest\bin\debug\pdftest.dll" id="f73c22ce-6b67-3cd2-df29-ca1d6309abde">
      <Execution id="dd85c471-05ca-409f-87d1-fe7a2dac9361" />
      <TestMethod codeBase="D:/aspose/swagger/swagger-codegen-2.0.17/aspose/csharp/pdf/PDFTest/bin/Debug/PDFTest.DLL" adapterTypeName="Microsoft.VisualStudio.TestTools.TestTypes.Unit.UnitTestAdapter, Microsoft.VisualStudio.QualityTools.Tips.UnitTest.Adapter, Version=10.0.0.0, Culture=neutral, PublicKeyToken=b03f5f7f11d50a3a" className="PDFTest.TestPdfApi, PDFTest, Version=1.0.0.0, Culture=neutral, PublicKeyToken=null" name="TestGetField" />
    </UnitTest>
    <UnitTest name="TestPostSignDocument" storage="d:\aspose\swagger\swagger-codegen-2.0.17\aspose\csharp\pdf\pdftest\bin\debug\pdftest.dll" id="359f34a1-82ce-ea7a-59c6-88dc796cfa3a">
      <Execution id="e9b88cca-590d-4c0f-9f43-a1294233bbc2" />
      <TestMethod codeBase="D:/aspose/swagger/swagger-codegen-2.0.17/aspose/csharp/pdf/PDFTest/bin/Debug/PDFTest.DLL" adapterTypeName="Microsoft.VisualStudio.TestTools.TestTypes.Unit.UnitTestAdapter, Microsoft.VisualStudio.QualityTools.Tips.UnitTest.Adapter, Version=10.0.0.0, Culture=neutral, PublicKeyToken=b03f5f7f11d50a3a" className="PDFTest.TestPdfApi, PDFTest, Version=1.0.0.0, Culture=neutral, PublicKeyToken=null" name="TestPostSignDocument" />
    </UnitTest>
    <UnitTest name="TestGetDocument" storage="d:\aspose\swagger\swagger-codegen-2.0.17\aspose\csharp\pdf\pdftest\bin\debug\pdftest.dll" id="d8eee31b-5928-7e9c-87ec-59a144aaa2f5">
      <Execution id="e86fe099-de44-4923-bceb-85467f62cedf" />
      <TestMethod codeBase="D:/aspose/swagger/swagger-codegen-2.0.17/aspose/csharp/pdf/PDFTest/bin/Debug/PDFTest.DLL" adapterTypeName="Microsoft.VisualStudio.TestTools.TestTypes.Unit.UnitTestAdapter, Microsoft.VisualStudio.QualityTools.Tips.UnitTest.Adapter, Version=10.0.0.0, Culture=neutral, PublicKeyToken=b03f5f7f11d50a3a" className="PDFTest.TestPdfApi, PDFTest, Version=1.0.0.0, Culture=neutral, PublicKeyToken=null" name="TestGetDocument" />
    </UnitTest>
    <UnitTest name="TestGetDocumentAttachments" storage="d:\aspose\swagger\swagger-codegen-2.0.17\aspose\csharp\pdf\pdftest\bin\debug\pdftest.dll" id="28928c8c-d485-c0ee-0281-43efcbafac35">
      <Execution id="fcf96b8d-a6ec-4719-9482-cf7b9e7d5724" />
      <TestMethod codeBase="D:/aspose/swagger/swagger-codegen-2.0.17/aspose/csharp/pdf/PDFTest/bin/Debug/PDFTest.DLL" adapterTypeName="Microsoft.VisualStudio.TestTools.TestTypes.Unit.UnitTestAdapter, Microsoft.VisualStudio.QualityTools.Tips.UnitTest.Adapter, Version=10.0.0.0, Culture=neutral, PublicKeyToken=b03f5f7f11d50a3a" className="PDFTest.TestPdfApi, PDFTest, Version=1.0.0.0, Culture=neutral, PublicKeyToken=null" name="TestGetDocumentAttachments" />
    </UnitTest>
  </TestDefinitions>
  <TestLists>
    <TestList name="Results Not in a List" id="8c84fa94-04c1-424b-9868-57a2d4851a1d" />
    <TestList name="All Loaded Results" id="19431567-8539-422a-85d7-44ee4e166bda" />
  </TestLists>
  <TestEntries>
    <TestEntry testId="36dc52c5-15b8-5075-ce84-3621d43d5fa0" executionId="962b7296-2ebf-440d-90ff-bf6c9f5df86e" testListId="8c84fa94-04c1-424b-9868-57a2d4851a1d" />
    <TestEntry testId="b72ee37c-ae73-83d4-6cec-397c81a454b6" executionId="18e0a98a-4809-4881-a065-608d03016ed5" testListId="8c84fa94-04c1-424b-9868-57a2d4851a1d" />
    <TestEntry testId="ce2e1115-b196-1e82-fd33-e920505bea43" executionId="3fea4df0-d2a2-4c04-828c-43edb8bc16fc" testListId="8c84fa94-04c1-424b-9868-57a2d4851a1d" />
    <TestEntry testId="f73c22ce-6b67-3cd2-df29-ca1d6309abde" executionId="dd85c471-05ca-409f-87d1-fe7a2dac9361" testListId="8c84fa94-04c1-424b-9868-57a2d4851a1d" />
    <TestEntry testId="b5b3a7a5-e803-02ce-9ee7-4950961e8d6e" executionId="ffe8d1a8-fccd-4829-b5a0-6ea67a5a2b5e" testListId="8c84fa94-04c1-424b-9868-57a2d4851a1d" />
    <TestEntry testId="9ce3f301-cc92-c31f-ee99-d2bb6c43b3a2" executionId="8b77f87e-81e6-48fa-988a-0114f3c88079" testListId="8c84fa94-04c1-424b-9868-57a2d4851a1d" />
    <TestEntry testId="30aaf353-51ba-38b7-7107-1160aeb3c86b" executionId="a7b5aa1b-2413-4633-9923-db7704eb7919" testListId="8c84fa94-04c1-424b-9868-57a2d4851a1d" />
    <TestEntry testId="b01b97fc-08eb-47ee-1752-a0b53fb1532a" executionId="e58dd7a4-ecae-433f-ac12-fdf5942058dd" testListId="8c84fa94-04c1-424b-9868-57a2d4851a1d" />
    <TestEntry testId="4eded4ba-70b4-50c1-eb86-d1e634ff6ff9" executionId="7f9db40d-ae7a-41d5-8e6e-3f2d5fdc92e5" testListId="8c84fa94-04c1-424b-9868-57a2d4851a1d" />
    <TestEntry testId="fb32250c-83f1-0fc0-e8e5-82cefd38d707" executionId="83ecc2d5-3b14-48f4-8e51-41c39c476a42" testListId="8c84fa94-04c1-424b-9868-57a2d4851a1d" />
    <TestEntry testId="544f047d-b1f0-0d98-7634-3cc96005a8b1" executionId="b502d288-e936-4a64-8a61-de9111d1b342" testListId="8c84fa94-04c1-424b-9868-57a2d4851a1d" />
    <TestEntry testId="16bd0325-2d73-4184-3027-542fe60cb0f0" executionId="01cb6175-5389-4c15-9726-af9fb9d7ba8e" testListId="8c84fa94-04c1-424b-9868-57a2d4851a1d" />
    <TestEntry testId="09d06465-53ba-defe-bcc1-eeee34a6f98d" executionId="3bbcfef4-86c5-4762-affc-5a4ffea89abf" testListId="8c84fa94-04c1-424b-9868-57a2d4851a1d" />
    <TestEntry testId="d45a5ce5-5088-4833-9c09-6aa4ddc616d9" executionId="e8d25b5e-f93e-48f9-ada0-3c5a5578f046" testListId="8c84fa94-04c1-424b-9868-57a2d4851a1d" />
    <TestEntry testId="a1040a0d-d0ea-01c7-0c6d-6067d003d958" executionId="6600ed2e-11c9-4a2e-a212-b1df80832459" testListId="8c84fa94-04c1-424b-9868-57a2d4851a1d" />
    <TestEntry testId="1130ff1c-04b1-27eb-1262-439a047fa57c" executionId="b6c358e7-0917-4d4a-8f42-422b0c04bda2" testListId="8c84fa94-04c1-424b-9868-57a2d4851a1d" />
    <TestEntry testId="b92e09f1-51f2-b54f-9283-aabe7209c054" executionId="e83f3ab4-4b43-427d-b7e1-a08c53398a19" testListId="8c84fa94-04c1-424b-9868-57a2d4851a1d" />
    <TestEntry testId="849bccd1-839e-840b-94a3-126509a41837" executionId="3753eddd-97d4-4f26-a7ff-06ee61cd09cb" testListId="8c84fa94-04c1-424b-9868-57a2d4851a1d" />
    <TestEntry testId="77dcbc6f-1d34-0c2c-d8ac-ec2677c1afae" executionId="f93787d6-707f-4834-95bc-affea3118525" testListId="8c84fa94-04c1-424b-9868-57a2d4851a1d" />
    <TestEntry testId="369d6cb1-d255-4a7c-e78e-3b2f13d5db34" executionId="cede48ca-4841-48e8-8bf3-9374b89ccd89" testListId="8c84fa94-04c1-424b-9868-57a2d4851a1d" />
    <TestEntry testId="89a5c8c9-aefa-8e99-1fab-fac872d27f93" executionId="39bc9cde-1d19-4ad1-a3ee-ba34b1b5eb81" testListId="8c84fa94-04c1-424b-9868-57a2d4851a1d" />
    <TestEntry testId="ec416dec-7196-6ce4-3bac-c9ef74a99c9d" executionId="0f3fd887-6fe4-4f60-a1f0-a116a5cadc96" testListId="8c84fa94-04c1-424b-9868-57a2d4851a1d" />
    <TestEntry testId="4234b156-5caf-c22b-f3f8-a8282850ffb4" executionId="59072ca1-39ee-4f7e-be6f-3b9f3b463bc8" testListId="8c84fa94-04c1-424b-9868-57a2d4851a1d" />
    <TestEntry testId="7bdc0a11-5339-3ece-e7e5-632615449597" executionId="3f37130c-2d64-4195-8362-7d9a38c43c1a" testListId="8c84fa94-04c1-424b-9868-57a2d4851a1d" />
    <TestEntry testId="fd3eba8d-d5ea-e811-f9e6-09f9681230ef" executionId="e878dd0e-b160-4f23-a2f7-c98f563bf0d9" testListId="8c84fa94-04c1-424b-9868-57a2d4851a1d" />
    <TestEntry testId="3eb8fdff-78f1-1f93-6016-0e9d6124c4ff" executionId="422f73c9-f000-4b12-8589-601c0d48c5ef" testListId="8c84fa94-04c1-424b-9868-57a2d4851a1d" />
    <TestEntry testId="dcdda182-d796-faf6-24fa-dd8f471ce839" executionId="747dcf78-3a3e-476b-a021-ea4e38d27898" testListId="8c84fa94-04c1-424b-9868-57a2d4851a1d" />
    <TestEntry testId="c46e3675-4c92-e13e-3fa6-9919a0f5a341" executionId="8a239341-935c-4b6b-9ab0-897a2589465e" testListId="8c84fa94-04c1-424b-9868-57a2d4851a1d" />
    <TestEntry testId="bd8714c8-7e98-8eef-58da-d886df477e8f" executionId="efdf79c2-5612-4592-93ac-abaf1c9f8706" testListId="8c84fa94-04c1-424b-9868-57a2d4851a1d" />
    <TestEntry testId="49b12b1f-a0dc-ba8f-68a2-55a99c2f6a9d" executionId="c43509eb-aaa1-4fe4-9e6b-1c13af3ec2b0" testListId="8c84fa94-04c1-424b-9868-57a2d4851a1d" />
    <TestEntry testId="d8eee31b-5928-7e9c-87ec-59a144aaa2f5" executionId="e86fe099-de44-4923-bceb-85467f62cedf" testListId="8c84fa94-04c1-424b-9868-57a2d4851a1d" />
    <TestEntry testId="de80edac-e13c-b5e7-b378-75660701bb59" executionId="6f06f021-5833-4446-a617-663c304c6e3d" testListId="8c84fa94-04c1-424b-9868-57a2d4851a1d" />
    <TestEntry testId="ec7fc810-a5da-bc48-6eb9-9ca6c22ee2c6" executionId="a0d282cd-811a-4ceb-a1e6-c9d43fa08a57" testListId="8c84fa94-04c1-424b-9868-57a2d4851a1d" />
    <TestEntry testId="359f34a1-82ce-ea7a-59c6-88dc796cfa3a" executionId="e9b88cca-590d-4c0f-9f43-a1294233bbc2" testListId="8c84fa94-04c1-424b-9868-57a2d4851a1d" />
    <TestEntry testId="d0b7e70d-a5e3-a504-db97-f5fcc81b2ff6" executionId="ca38d5c8-0086-474f-8631-337fb55aaa4d" testListId="8c84fa94-04c1-424b-9868-57a2d4851a1d" />
    <TestEntry testId="aeb346ef-b0c0-40c0-1a55-6c1d5754fa5c" executionId="271dfe97-b3cb-403c-97ae-df529c81457b" testListId="8c84fa94-04c1-424b-9868-57a2d4851a1d" />
    <TestEntry testId="4a1e0c87-93b4-2852-a359-7554778ed935" executionId="5c2becfa-6ed4-4f9c-9a27-fb1715af4a7e" testListId="8c84fa94-04c1-424b-9868-57a2d4851a1d" />
    <TestEntry testId="f0622397-d5a2-9175-8744-2cadcd55d58e" executionId="f9460503-8dc7-4330-b596-c051ac4e9eff" testListId="8c84fa94-04c1-424b-9868-57a2d4851a1d" />
    <TestEntry testId="4ef86ff8-465c-b4ef-9960-5b417177a327" executionId="12906ac3-733d-48fd-bc02-61262f122050" testListId="8c84fa94-04c1-424b-9868-57a2d4851a1d" />
    <TestEntry testId="018d07ca-a2e4-a2eb-03c7-ef6f3dd9b027" executionId="d2aab7b7-0c01-4b35-a75b-8144f7f4afdb" testListId="8c84fa94-04c1-424b-9868-57a2d4851a1d" />
    <TestEntry testId="c1a32a6f-adbc-ba1e-4e82-4aaf79f5e093" executionId="28d596dd-41ad-4d89-adda-d6a9522d9145" testListId="8c84fa94-04c1-424b-9868-57a2d4851a1d" />
    <TestEntry testId="198913e2-fb92-c108-ac14-4c218d52b52b" executionId="bdbd0df1-d356-47b7-80de-0eeca211580e" testListId="8c84fa94-04c1-424b-9868-57a2d4851a1d" />
    <TestEntry testId="919d767b-2048-5f7e-686c-ed10740581c2" executionId="7f21259a-00b7-4c7c-a817-88f89449851f" testListId="8c84fa94-04c1-424b-9868-57a2d4851a1d" />
    <TestEntry testId="28928c8c-d485-c0ee-0281-43efcbafac35" executionId="fcf96b8d-a6ec-4719-9482-cf7b9e7d5724" testListId="8c84fa94-04c1-424b-9868-57a2d4851a1d" />
    <TestEntry testId="7817cb41-fdc2-0985-0960-66301b92e8ac" executionId="d6fa7aa2-ced4-4775-b652-cd7976db8e22" testListId="8c84fa94-04c1-424b-9868-57a2d4851a1d" />
    <TestEntry testId="574ac201-abfc-005f-b011-3beb5f0f1df8" executionId="ff64478f-08b9-45cf-8f71-8ea896eeba42" testListId="8c84fa94-04c1-424b-9868-57a2d4851a1d" />
    <TestEntry testId="209555e4-3e93-717a-7d1c-f7fd868b8604" executionId="81ac2cc3-afd5-49f2-a24f-6686f937c72a" testListId="8c84fa94-04c1-424b-9868-57a2d4851a1d" />
    <TestEntry testId="eab57586-2195-84c3-02e1-fe3f245be47b" executionId="9eefa4b3-ff01-4a06-b555-9e98bfd0a3aa" testListId="8c84fa94-04c1-424b-9868-57a2d4851a1d" />
    <TestEntry testId="4d6bee1f-8e06-089c-f20d-a9bf9d17d256" executionId="7485767c-f36b-453b-a151-26049fca7c62" testListId="8c84fa94-04c1-424b-9868-57a2d4851a1d" />
    <TestEntry testId="8f3705c4-daa6-227e-0abe-d307a8c4050c" executionId="943c9a00-88bd-4300-9d1c-2b02ffc7f2db" testListId="8c84fa94-04c1-424b-9868-57a2d4851a1d" />
    <TestEntry testId="67430ff2-06c5-9a55-ee3c-8d2fb53b7766" executionId="5f770915-d9b9-4f50-a73d-485c721f656c" testListId="8c84fa94-04c1-424b-9868-57a2d4851a1d" />
    <TestEntry testId="be71bc68-702f-ff2e-5165-63ab543180b5" executionId="17e9d069-5cc1-4f26-8200-39110e71a087" testListId="8c84fa94-04c1-424b-9868-57a2d4851a1d" />
    <TestEntry testId="c458249b-5fda-eb62-bb64-ea6c81eab74c" executionId="3ec5c146-4955-431a-ae85-00ea5da7eb18" testListId="8c84fa94-04c1-424b-9868-57a2d4851a1d" />
    <TestEntry testId="fc4a1c5c-9fdd-49a6-cb96-aac85d162549" executionId="9a40fce7-2ce4-45a0-a715-595f3a221525" testListId="8c84fa94-04c1-424b-9868-57a2d4851a1d" />
  </TestEntries>
  <Results>
    <UnitTestResult executionId="962b7296-2ebf-440d-90ff-bf6c9f5df86e" testId="36dc52c5-15b8-5075-ce84-3621d43d5fa0" testName="TestGetPageTextItems" computerName="IMRAN_430" duration="00:00:02.9325440" startTime="2016-01-15T17:09:48.9269062+05:00" endTime="2016-01-15T17:09:52.0459938+05:00" testType="13cdc9d9-ddb5-4fa4-a97d-d965ccfc6d4b" outcome="Passed" testListId="8c84fa94-04c1-424b-9868-57a2d4851a1d" relativeResultsDirectory="962b7296-2ebf-440d-90ff-bf6c9f5df86e">
    </UnitTestResult>
    <UnitTestResult executionId="18e0a98a-4809-4881-a065-608d03016ed5" testId="b72ee37c-ae73-83d4-6cec-397c81a454b6" testName="TestGetSegmentTextFormat" computerName="IMRAN_430" duration="00:00:04.8984162" startTime="2016-01-15T17:09:52.0469776+05:00" endTime="2016-01-15T17:09:56.9477197+05:00" testType="13cdc9d9-ddb5-4fa4-a97d-d965ccfc6d4b" outcome="Passed" testListId="8c84fa94-04c1-424b-9868-57a2d4851a1d" relativeResultsDirectory="18e0a98a-4809-4881-a065-608d03016ed5">
    </UnitTestResult>
    <UnitTestResult executionId="3fea4df0-d2a2-4c04-828c-43edb8bc16fc" testId="ce2e1115-b196-1e82-fd33-e920505bea43" testName="TestGetPages" computerName="IMRAN_430" duration="00:00:01.9602749" startTime="2016-01-15T17:09:56.9487212+05:00" endTime="2016-01-15T17:09:58.9140482+05:00" testType="13cdc9d9-ddb5-4fa4-a97d-d965ccfc6d4b" outcome="Passed" testListId="8c84fa94-04c1-424b-9868-57a2d4851a1d" relativeResultsDirectory="3fea4df0-d2a2-4c04-828c-43edb8bc16fc">
    </UnitTestResult>
    <UnitTestResult executionId="dd85c471-05ca-409f-87d1-fe7a2dac9361" testId="f73c22ce-6b67-3cd2-df29-ca1d6309abde" testName="TestGetField" computerName="IMRAN_430" duration="00:00:08.6231844" startTime="2016-01-15T17:09:58.9170215+05:00" endTime="2016-01-15T17:10:07.5450954+05:00" testType="13cdc9d9-ddb5-4fa4-a97d-d965ccfc6d4b" outcome="Passed" testListId="8c84fa94-04c1-424b-9868-57a2d4851a1d" relativeResultsDirectory="dd85c471-05ca-409f-87d1-fe7a2dac9361">
      <Output>
        <StdOut>fields:class FieldResponse {
  Field: class Field {
  Name: dvDate_2
  Type: 0
  Values: System.Collections.Generic.List`1[System.String]
  SelectedItems: 
  Rect: 
  Links: System.Collections.Generic.List`1[Com.Aspose.PDF.Model.Link]
}

  Code: 200
  Status: OK
}</StdOut>
      </Output>
    </UnitTestResult>
    <UnitTestResult executionId="ffe8d1a8-fccd-4829-b5a0-6ea67a5a2b5e" testId="b5b3a7a5-e803-02ce-9ee7-4950961e8d6e" testName="TestGetTextItems" computerName="IMRAN_430" duration="00:00:02.4663853" startTime="2016-01-15T17:10:07.5490702+05:00" endTime="2016-01-15T17:10:10.0212821+05:00" testType="13cdc9d9-ddb5-4fa4-a97d-d965ccfc6d4b" outcome="Passed" testListId="8c84fa94-04c1-424b-9868-57a2d4851a1d" relativeResultsDirectory="ffe8d1a8-fccd-4829-b5a0-6ea67a5a2b5e">
    </UnitTestResult>
    <UnitTestResult executionId="8b77f87e-81e6-48fa-988a-0114f3c88079" testId="9ce3f301-cc92-c31f-ee99-d2bb6c43b3a2" testName="TestGetPage" computerName="IMRAN_430" duration="00:00:02.0859873" startTime="2016-01-15T17:10:10.0232843+05:00" endTime="2016-01-15T17:10:12.1137849+05:00" testType="13cdc9d9-ddb5-4fa4-a97d-d965ccfc6d4b" outcome="Passed" testListId="8c84fa94-04c1-424b-9868-57a2d4851a1d" relativeResultsDirectory="8b77f87e-81e6-48fa-988a-0114f3c88079">
    </UnitTestResult>
    <UnitTestResult executionId="a7b5aa1b-2413-4633-9923-db7704eb7919" testId="30aaf353-51ba-38b7-7107-1160aeb3c86b" testName="TestGetSegments" computerName="IMRAN_430" duration="00:00:04.5604012" startTime="2016-01-15T17:10:12.1157571+05:00" endTime="2016-01-15T17:10:16.6843476+05:00" testType="13cdc9d9-ddb5-4fa4-a97d-d965ccfc6d4b" outcome="Passed" testListId="8c84fa94-04c1-424b-9868-57a2d4851a1d" relativeResultsDirectory="a7b5aa1b-2413-4633-9923-db7704eb7919">
    </UnitTestResult>
    <UnitTestResult executionId="e58dd7a4-ecae-433f-ac12-fdf5942058dd" testId="b01b97fc-08eb-47ee-1752-a0b53fb1532a" testName="TestGetPageLinkAnnotationByIndex" computerName="IMRAN_430" duration="00:00:05.9846684" startTime="2016-01-15T17:10:16.6913241+05:00" endTime="2016-01-15T17:10:22.6824993+05:00" testType="13cdc9d9-ddb5-4fa4-a97d-d965ccfc6d4b" outcome="Passed" testListId="8c84fa94-04c1-424b-9868-57a2d4851a1d" relativeResultsDirectory="e58dd7a4-ecae-433f-ac12-fdf5942058dd">
    </UnitTestResult>
    <UnitTestResult executionId="7f9db40d-ae7a-41d5-8e6e-3f2d5fdc92e5" testId="4eded4ba-70b4-50c1-eb86-d1e634ff6ff9" testName="TestGetDocumentBookmarksChildren" computerName="IMRAN_430" duration="00:00:06.0029768" startTime="2016-01-15T17:10:22.6844818+05:00" endTime="2016-01-15T17:10:28.6925924+05:00" testType="13cdc9d9-ddb5-4fa4-a97d-d965ccfc6d4b" outcome="Passed" testListId="8c84fa94-04c1-424b-9868-57a2d4851a1d" relativeResultsDirectory="7f9db40d-ae7a-41d5-8e6e-3f2d5fdc92e5">
    </UnitTestResult>
    <UnitTestResult executionId="83ecc2d5-3b14-48f4-8e51-41c39c476a42" testId="fb32250c-83f1-0fc0-e8e5-82cefd38d707" testName="TestPostDocumentReplaceText" computerName="IMRAN_430" duration="00:00:03.9589583" startTime="2016-01-15T17:10:28.6935738+05:00" endTime="2016-01-15T17:10:32.6581796+05:00" testType="13cdc9d9-ddb5-4fa4-a97d-d965ccfc6d4b" outcome="Passed" testListId="8c84fa94-04c1-424b-9868-57a2d4851a1d" relativeResultsDirectory="83ecc2d5-3b14-48f4-8e51-41c39c476a42">
    </UnitTestResult>
    <UnitTestResult executionId="b502d288-e936-4a64-8a61-de9111d1b342" testId="544f047d-b1f0-0d98-7634-3cc96005a8b1" testName="TestDeletePage" computerName="IMRAN_430" duration="00:00:04.6455189" startTime="2016-01-15T17:10:32.6611521+05:00" endTime="2016-01-15T17:10:37.3243865+05:00" testType="13cdc9d9-ddb5-4fa4-a97d-d965ccfc6d4b" outcome="Passed" testListId="8c84fa94-04c1-424b-9868-57a2d4851a1d" relativeResultsDirectory="b502d288-e936-4a64-8a61-de9111d1b342">
    </UnitTestResult>
    <UnitTestResult executionId="01cb6175-5389-4c15-9726-af9fb9d7ba8e" testId="16bd0325-2d73-4184-3027-542fe60cb0f0" testName="TestPostCreateField" computerName="IMRAN_430" duration="00:00:03.7003296" startTime="2016-01-15T17:10:37.3263879+05:00" endTime="2016-01-15T17:10:41.0342266+05:00" testType="13cdc9d9-ddb5-4fa4-a97d-d965ccfc6d4b" outcome="Passed" testListId="8c84fa94-04c1-424b-9868-57a2d4851a1d" relativeResultsDirectory="01cb6175-5389-4c15-9726-af9fb9d7ba8e">
    </UnitTestResult>
    <UnitTestResult executionId="3bbcfef4-86c5-4762-affc-5a4ffea89abf" testId="09d06465-53ba-defe-bcc1-eeee34a6f98d" testName="TestDeleteProperties" computerName="IMRAN_430" duration="00:00:05.8843364" startTime="2016-01-15T17:10:41.0372003+05:00" endTime="2016-01-15T17:10:46.9262414+05:00" testType="13cdc9d9-ddb5-4fa4-a97d-d965ccfc6d4b" outcome="Passed" testListId="8c84fa94-04c1-424b-9868-57a2d4851a1d" relativeResultsDirectory="3bbcfef4-86c5-4762-affc-5a4ffea89abf">
    </UnitTestResult>
    <UnitTestResult executionId="e8d25b5e-f93e-48f9-ada0-3c5a5578f046" testId="d45a5ce5-5088-4833-9c09-6aa4ddc616d9" testName="TestGetFragment" computerName="IMRAN_430" duration="00:00:22.4273980" startTime="2016-01-15T17:10:46.9282496+05:00" endTime="2016-01-15T17:11:09.3626541+05:00" testType="13cdc9d9-ddb5-4fa4-a97d-d965ccfc6d4b" outcome="Passed" testListId="8c84fa94-04c1-424b-9868-57a2d4851a1d" relativeResultsDirectory="e8d25b5e-f93e-48f9-ada0-3c5a5578f046">
    </UnitTestResult>
    <UnitTestResult executionId="6600ed2e-11c9-4a2e-a212-b1df80832459" testId="a1040a0d-d0ea-01c7-0c6d-6067d003d958" testName="TestPutConvertDocument" computerName="IMRAN_430" duration="00:00:02.9828099" startTime="2016-01-15T17:11:09.3636540+05:00" endTime="2016-01-15T17:11:12.3499552+05:00" testType="13cdc9d9-ddb5-4fa4-a97d-d965ccfc6d4b" outcome="Passed" testListId="8c84fa94-04c1-424b-9868-57a2d4851a1d" relativeResultsDirectory="6600ed2e-11c9-4a2e-a212-b1df80832459">
    </UnitTestResult>
    <UnitTestResult executionId="b6c358e7-0917-4d4a-8f42-422b0c04bda2" testId="1130ff1c-04b1-27eb-1262-439a047fa57c" testName="TestPostAppendDocument" computerName="IMRAN_430" duration="00:00:05.1756660" startTime="2016-01-15T17:11:12.3559539+05:00" endTime="2016-01-15T17:11:17.5382412+05:00" testType="13cdc9d9-ddb5-4fa4-a97d-d965ccfc6d4b" outcome="Passed" testListId="8c84fa94-04c1-424b-9868-57a2d4851a1d" relativeResultsDirectory="b6c358e7-0917-4d4a-8f42-422b0c04bda2">
    </UnitTestResult>
    <UnitTestResult executionId="e83f3ab4-4b43-427d-b7e1-a08c53398a19" testId="b92e09f1-51f2-b54f-9283-aabe7209c054" testName="TestPutMergeDocuments" computerName="IMRAN_430" duration="00:00:05.0713170" startTime="2016-01-15T17:11:17.5412366+05:00" endTime="2016-01-15T17:11:22.6192029+05:00" testType="13cdc9d9-ddb5-4fa4-a97d-d965ccfc6d4b" outcome="Passed" testListId="8c84fa94-04c1-424b-9868-57a2d4851a1d" relativeResultsDirectory="e83f3ab4-4b43-427d-b7e1-a08c53398a19">
    </UnitTestResult>
    <UnitTestResult executionId="3753eddd-97d4-4f26-a7ff-06ee61cd09cb" testId="849bccd1-839e-840b-94a3-126509a41837" testName="TestGetDocumentProperties" computerName="IMRAN_430" duration="00:00:06.2992018" startTime="2016-01-15T17:11:22.6221999+05:00" endTime="2016-01-15T17:11:28.9283147+05:00" testType="13cdc9d9-ddb5-4fa4-a97d-d965ccfc6d4b" outcome="Passed" testListId="8c84fa94-04c1-424b-9868-57a2d4851a1d" relativeResultsDirectory="3753eddd-97d4-4f26-a7ff-06ee61cd09cb">
    </UnitTestResult>
    <UnitTestResult executionId="f93787d6-707f-4834-95bc-affea3118525" testId="77dcbc6f-1d34-0c2c-d8ac-ec2677c1afae" testName="TestPutUpdateField" computerName="IMRAN_430" duration="00:00:09.3749227" startTime="2016-01-15T17:11:28.9313121+05:00" endTime="2016-01-15T17:11:38.3131849+05:00" testType="13cdc9d9-ddb5-4fa4-a97d-d965ccfc6d4b" outcome="Passed" testListId="8c84fa94-04c1-424b-9868-57a2d4851a1d" relativeResultsDirectory="f93787d6-707f-4834-95bc-affea3118525">
    </UnitTestResult>
    <UnitTestResult executionId="cede48ca-4841-48e8-8bf3-9374b89ccd89" testId="369d6cb1-d255-4a7c-e78e-3b2f13d5db34" testName="TestPutPageAddStamp" computerName="IMRAN_430" duration="00:00:02.5620252" startTime="2016-01-15T17:11:38.3161598+05:00" endTime="2016-01-15T17:11:40.8857868+05:00" testType="13cdc9d9-ddb5-4fa4-a97d-d965ccfc6d4b" outcome="Passed" testListId="8c84fa94-04c1-424b-9868-57a2d4851a1d" relativeResultsDirectory="cede48ca-4841-48e8-8bf3-9374b89ccd89">
    </UnitTestResult>
    <UnitTestResult executionId="39bc9cde-1d19-4ad1-a3ee-ba34b1b5eb81" testId="89a5c8c9-aefa-8e99-1fab-fac872d27f93" testName="TestGetDocumentBookmarks" computerName="IMRAN_430" duration="00:00:06.0231417" startTime="2016-01-15T17:11:40.8887597+05:00" endTime="2016-01-15T17:11:46.9186471+05:00" testType="13cdc9d9-ddb5-4fa4-a97d-d965ccfc6d4b" outcome="Passed" testListId="8c84fa94-04c1-424b-9868-57a2d4851a1d" relativeResultsDirectory="39bc9cde-1d19-4ad1-a3ee-ba34b1b5eb81">
    </UnitTestResult>
    <UnitTestResult executionId="0f3fd887-6fe4-4f60-a1f0-a116a5cadc96" testId="ec416dec-7196-6ce4-3bac-c9ef74a99c9d" testName="TestPutAddNewPage" computerName="IMRAN_430" duration="00:00:02.2883393" startTime="2016-01-15T17:11:46.9221502+05:00" endTime="2016-01-15T17:11:49.2175189+05:00" testType="13cdc9d9-ddb5-4fa4-a97d-d965ccfc6d4b" outcome="Passed" testListId="8c84fa94-04c1-424b-9868-57a2d4851a1d" relativeResultsDirectory="0f3fd887-6fe4-4f60-a1f0-a116a5cadc96">
    </UnitTestResult>
    <UnitTestResult executionId="59072ca1-39ee-4f7e-be6f-3b9f3b463bc8" testId="4234b156-5caf-c22b-f3f8-a8282850ffb4" testName="TestGetImageWithFormat" computerName="IMRAN_430" duration="00:00:22.8456634" startTime="2016-01-15T17:11:49.2204926+05:00" endTime="2016-01-15T17:12:12.0736094+05:00" testType="13cdc9d9-ddb5-4fa4-a97d-d965ccfc6d4b" outcome="Passed" testListId="8c84fa94-04c1-424b-9868-57a2d4851a1d" relativeResultsDirectory="59072ca1-39ee-4f7e-be6f-3b9f3b463bc8">
    </UnitTestResult>
    <UnitTestResult executionId="3f37130c-2d64-4195-8362-7d9a38c43c1a" testId="7bdc0a11-5339-3ece-e7e5-632615449597" testName="TestPostSignPage" computerName="IMRAN_430" duration="00:00:06.2199983" startTime="2016-01-15T17:12:12.0755907+05:00" endTime="2016-01-15T17:12:18.3006743+05:00" testType="13cdc9d9-ddb5-4fa4-a97d-d965ccfc6d4b" outcome="Passed" testListId="8c84fa94-04c1-424b-9868-57a2d4851a1d" relativeResultsDirectory="3f37130c-2d64-4195-8362-7d9a38c43c1a">
    </UnitTestResult>
    <UnitTestResult executionId="e878dd0e-b160-4f23-a2f7-c98f563bf0d9" testId="fd3eba8d-d5ea-e811-f9e6-09f9681230ef" testName="TestGetDocumentAttachmentByIndex" computerName="IMRAN_430" duration="00:00:53.9146896" startTime="2016-01-15T17:12:18.3036488+05:00" endTime="2016-01-15T17:13:12.2283194+05:00" testType="13cdc9d9-ddb5-4fa4-a97d-d965ccfc6d4b" outcome="Passed" testListId="8c84fa94-04c1-424b-9868-57a2d4851a1d" relativeResultsDirectory="e878dd0e-b160-4f23-a2f7-c98f563bf0d9">
    </UnitTestResult>
    <UnitTestResult executionId="422f73c9-f000-4b12-8589-601c0d48c5ef" testId="3eb8fdff-78f1-1f93-6016-0e9d6124c4ff" testName="TestGetExtractBarcodes" computerName="IMRAN_430" duration="00:00:04.8253926" startTime="2016-01-15T17:13:12.2313156+05:00" endTime="2016-01-15T17:13:17.0660696+05:00" testType="13cdc9d9-ddb5-4fa4-a97d-d965ccfc6d4b" outcome="Passed" testListId="8c84fa94-04c1-424b-9868-57a2d4851a1d" relativeResultsDirectory="422f73c9-f000-4b12-8589-601c0d48c5ef">
    </UnitTestResult>
    <UnitTestResult executionId="747dcf78-3a3e-476b-a021-ea4e38d27898" testId="dcdda182-d796-faf6-24fa-dd8f471ce839" testName="TestPutCreateDocument" computerName="IMRAN_430" duration="00:00:01.0238787" startTime="2016-01-15T17:13:17.0680433+05:00" endTime="2016-01-15T17:13:18.1000802+05:00" testType="13cdc9d9-ddb5-4fa4-a97d-d965ccfc6d4b" outcome="Passed" testListId="8c84fa94-04c1-424b-9868-57a2d4851a1d" relativeResultsDirectory="747dcf78-3a3e-476b-a021-ea4e38d27898">
    </UnitTestResult>
    <UnitTestResult executionId="8a239341-935c-4b6b-9ab0-897a2589465e" testId="c46e3675-4c92-e13e-3fa6-9919a0f5a341" testName="TestGetDocumentProperty" computerName="IMRAN_430" duration="00:00:05.9385921" startTime="2016-01-15T17:13:18.1040822+05:00" endTime="2016-01-15T17:13:24.0519195+05:00" testType="13cdc9d9-ddb5-4fa4-a97d-d965ccfc6d4b" outcome="Passed" testListId="8c84fa94-04c1-424b-9868-57a2d4851a1d" relativeResultsDirectory="8a239341-935c-4b6b-9ab0-897a2589465e">
    </UnitTestResult>
    <UnitTestResult executionId="efdf79c2-5612-4592-93ac-abaf1c9f8706" testId="bd8714c8-7e98-8eef-58da-d886df477e8f" testName="TestPutDocumentSaveAsTiff" computerName="IMRAN_430" duration="00:00:02.7482352" startTime="2016-01-15T17:13:24.0548944+05:00" endTime="2016-01-15T17:13:26.8103422+05:00" testType="13cdc9d9-ddb5-4fa4-a97d-d965ccfc6d4b" outcome="Passed" testListId="8c84fa94-04c1-424b-9868-57a2d4851a1d" relativeResultsDirectory="efdf79c2-5612-4592-93ac-abaf1c9f8706">
    </UnitTestResult>
    <UnitTestResult executionId="c43509eb-aaa1-4fe4-9e6b-1c13af3ec2b0" testId="49b12b1f-a0dc-ba8f-68a2-55a99c2f6a9d" testName="TestGetPageLinkAnnotations" computerName="IMRAN_430" duration="00:00:02.6480828" startTime="2016-01-15T17:13:26.8133148+05:00" endTime="2016-01-15T17:13:29.4686840+05:00" testType="13cdc9d9-ddb5-4fa4-a97d-d965ccfc6d4b" outcome="Passed" testListId="8c84fa94-04c1-424b-9868-57a2d4851a1d" relativeResultsDirectory="c43509eb-aaa1-4fe4-9e6b-1c13af3ec2b0">
    </UnitTestResult>
    <UnitTestResult executionId="e86fe099-de44-4923-bceb-85467f62cedf" testId="d8eee31b-5928-7e9c-87ec-59a144aaa2f5" testName="TestGetDocument" computerName="IMRAN_430" duration="00:00:02.0310748" startTime="2016-01-15T17:13:29.4726584+05:00" endTime="2016-01-15T17:13:31.5101121+05:00" testType="13cdc9d9-ddb5-4fa4-a97d-d965ccfc6d4b" outcome="Passed" testListId="8c84fa94-04c1-424b-9868-57a2d4851a1d" relativeResultsDirectory="e86fe099-de44-4923-bceb-85467f62cedf">
    </UnitTestResult>
    <UnitTestResult executionId="6f06f021-5833-4446-a617-663c304c6e3d" testId="de80edac-e13c-b5e7-b378-75660701bb59" testName="TestPostPageReplaceText" computerName="IMRAN_430" duration="00:00:02.4881735" startTime="2016-01-15T17:13:31.5130862+05:00" endTime="2016-01-15T17:13:34.0074692+05:00" testType="13cdc9d9-ddb5-4fa4-a97d-d965ccfc6d4b" outcome="Passed" testListId="8c84fa94-04c1-424b-9868-57a2d4851a1d" relativeResultsDirectory="6f06f021-5833-4446-a617-663c304c6e3d">
    </UnitTestResult>
    <UnitTestResult executionId="a0d282cd-811a-4ceb-a1e6-c9d43fa08a57" testId="ec7fc810-a5da-bc48-6eb9-9ca6c22ee2c6" testName="TestGetFields" computerName="IMRAN_430" duration="00:00:01.1899230" startTime="2016-01-15T17:13:34.0114460+05:00" endTime="2016-01-15T17:13:35.2089788+05:00" testType="13cdc9d9-ddb5-4fa4-a97d-d965ccfc6d4b" outcome="Passed" testListId="8c84fa94-04c1-424b-9868-57a2d4851a1d" relativeResultsDirectory="a0d282cd-811a-4ceb-a1e6-c9d43fa08a57">
      <Output>
        <DebugTrace>====================================
href: http://api.aspose.com/v1.1/pdf/ABFillablewfields.pdf/fields
rel: self
title: 
type: 
</DebugTrace>
      </Output>
    </UnitTestResult>
    <UnitTestResult executionId="e9b88cca-590d-4c0f-9f43-a1294233bbc2" testId="359f34a1-82ce-ea7a-59c6-88dc796cfa3a" testName="TestPostSignDocument" computerName="IMRAN_430" duration="00:00:00.9369061" startTime="2016-01-15T17:13:35.2109510+05:00" endTime="2016-01-15T17:13:36.1553196+05:00" testType="13cdc9d9-ddb5-4fa4-a97d-d965ccfc6d4b" outcome="Failed" testListId="8c84fa94-04c1-424b-9868-57a2d4851a1d" relativeResultsDirectory="e9b88cca-590d-4c0f-9f43-a1294233bbc2">
      <Output>
        <ErrorInfo>
          <Message>Test method PDFTest.TestPdfApi.TestPostSignDocument threw exception: 
Com.Aspose.PDF.ApiException: The remote server returned an error: (400) Bad Request.</Message>
          <StackTrace>    at Com.Aspose.PDF.Api.PdfApi.PutUpdateField(String name, String storage, String folder, String fieldName, Field body) in D:\aspose\swagger\swagger-codegen-2.0.17\aspose\csharp\pdf\src\Com\Aspose\PDF\Api\PdfApi.cs:line 1494
   at PDFTest.TestPdfApi.TestPostSignDocument() in D:\aspose\swagger\swagger-codegen-2.0.17\aspose\csharp\pdf\PDFTest\PdfApiTest.cs:line 1138
</StackTrace>
        </ErrorInfo>
      </Output>
    </UnitTestResult>
    <UnitTestResult executionId="ca38d5c8-0086-474f-8631-337fb55aaa4d" testId="d0b7e70d-a5e3-a504-db97-f5fcc81b2ff6" testName="TestGetDownloadDocumentAttachmentByIndex" computerName="IMRAN_430" duration="00:00:54.8955779" startTime="2016-01-15T17:13:36.1563179+05:00" endTime="2016-01-15T17:14:31.0551301+05:00" testType="13cdc9d9-ddb5-4fa4-a97d-d965ccfc6d4b" outcome="Passed" testListId="8c84fa94-04c1-424b-9868-57a2d4851a1d" relativeResultsDirectory="ca38d5c8-0086-474f-8631-337fb55aaa4d">
    </UnitTestResult>
    <UnitTestResult executionId="271dfe97-b3cb-403c-97ae-df529c81457b" testId="aeb346ef-b0c0-40c0-1a55-6c1d5754fa5c" testName="TestGetImages" computerName="IMRAN_430" duration="00:00:21.7313578" startTime="2016-01-15T17:14:31.0561134+05:00" endTime="2016-01-15T17:14:52.7897944+05:00" testType="13cdc9d9-ddb5-4fa4-a97d-d965ccfc6d4b" outcome="Passed" testListId="8c84fa94-04c1-424b-9868-57a2d4851a1d" relativeResultsDirectory="271dfe97-b3cb-403c-97ae-df529c81457b">
    </UnitTestResult>
    <UnitTestResult executionId="5c2becfa-6ed4-4f9c-9a27-fb1715af4a7e" testId="4a1e0c87-93b4-2852-a359-7554778ed935" testName="TestPutUpdateFields" computerName="IMRAN_430" duration="00:00:00.8801702" startTime="2016-01-15T17:14:52.7927685+05:00" endTime="2016-01-15T17:14:53.6804628+05:00" testType="13cdc9d9-ddb5-4fa4-a97d-d965ccfc6d4b" outcome="Failed" testListId="8c84fa94-04c1-424b-9868-57a2d4851a1d" relativeResultsDirectory="5c2becfa-6ed4-4f9c-9a27-fb1715af4a7e">
      <Output>
        <ErrorInfo>
          <Message>Test method PDFTest.TestPdfApi.TestPutUpdateFields threw exception: 
Com.Aspose.PDF.ApiException: The remote server returned an error: (400) Bad Request.</Message>
          <StackTrace>    at Com.Aspose.PDF.Api.PdfApi.PutUpdateFields(String name, String storage, String folder, Fields body) in D:\aspose\swagger\swagger-codegen-2.0.17\aspose\csharp\pdf\src\Com\Aspose\PDF\Api\PdfApi.cs:line 1553
   at PDFTest.TestPdfApi.TestPutUpdateFields() in D:\aspose\swagger\swagger-codegen-2.0.17\aspose\csharp\pdf\PDFTest\PdfApiTest.cs:line 1498
</StackTrace>
        </ErrorInfo>
      </Output>
    </UnitTestResult>
    <UnitTestResult executionId="f9460503-8dc7-4330-b596-c051ac4e9eff" testId="f0622397-d5a2-9175-8744-2cadcd55d58e" testName="TestPutSetProperty" computerName="IMRAN_430" duration="00:00:02.1773188" startTime="2016-01-15T17:14:53.6844664+05:00" endTime="2016-01-15T17:14:55.8695580+05:00" testType="13cdc9d9-ddb5-4fa4-a97d-d965ccfc6d4b" outcome="Failed" testListId="8c84fa94-04c1-424b-9868-57a2d4851a1d" relativeResultsDirectory="f9460503-8dc7-4330-b596-c051ac4e9eff">
      <Output>
        <ErrorInfo>
          <Message>Test method PDFTest.TestPdfApi.TestPutSetProperty threw exception: 
Com.Aspose.PDF.ApiException: The remote server returned an error: (400) Bad Request.</Message>
          <StackTrace>    at Com.Aspose.PDF.Api.PdfApi.PutSetProperty(String name, String propertyName, String storage, String folder, DocumentProperty body) in D:\aspose\swagger\swagger-codegen-2.0.17\aspose\csharp\pdf\src\Com\Aspose\PDF\Api\PdfApi.cs:line 3336
   at PDFTest.TestPdfApi.TestPutSetProperty() in D:\aspose\swagger\swagger-codegen-2.0.17\aspose\csharp\pdf\PDFTest\PdfApiTest.cs:line 1416
</StackTrace>
        </ErrorInfo>
      </Output>
    </UnitTestResult>
    <UnitTestResult executionId="12906ac3-733d-48fd-bc02-61262f122050" testId="4ef86ff8-465c-b4ef-9960-5b417177a327" testName="TestDeleteProperty" computerName="IMRAN_430" duration="00:00:04.7596519" startTime="2016-01-15T17:14:55.8720316+05:00" endTime="2016-01-15T17:15:00.6393584+05:00" testType="13cdc9d9-ddb5-4fa4-a97d-d965ccfc6d4b" outcome="Passed" testListId="8c84fa94-04c1-424b-9868-57a2d4851a1d" relativeResultsDirectory="12906ac3-733d-48fd-bc02-61262f122050">
    </UnitTestResult>
    <UnitTestResult executionId="d2aab7b7-0c01-4b35-a75b-8144f7f4afdb" testId="018d07ca-a2e4-a2eb-03c7-ef6f3dd9b027" testName="TestPostDocumentReplaceTextList" computerName="IMRAN_430" duration="00:00:02.5903707" startTime="2016-01-15T17:15:00.6423530+05:00" endTime="2016-01-15T17:15:03.2391207+05:00" testType="13cdc9d9-ddb5-4fa4-a97d-d965ccfc6d4b" outcome="Passed" testListId="8c84fa94-04c1-424b-9868-57a2d4851a1d" relativeResultsDirectory="d2aab7b7-0c01-4b35-a75b-8144f7f4afdb">
    </UnitTestResult>
    <UnitTestResult executionId="28d596dd-41ad-4d89-adda-d6a9522d9145" testId="c1a32a6f-adbc-ba1e-4e82-4aaf79f5e093" testName="TestPostPageReplaceTextList" computerName="IMRAN_430" duration="00:00:02.4984568" startTime="2016-01-15T17:15:03.2421181+05:00" endTime="2016-01-15T17:15:05.7493007+05:00" testType="13cdc9d9-ddb5-4fa4-a97d-d965ccfc6d4b" outcome="Passed" testListId="8c84fa94-04c1-424b-9868-57a2d4851a1d" relativeResultsDirectory="28d596dd-41ad-4d89-adda-d6a9522d9145">
    </UnitTestResult>
    <UnitTestResult executionId="bdbd0df1-d356-47b7-80de-0eeca211580e" testId="198913e2-fb92-c108-ac14-4c218d52b52b" testName="TestPostMovePage" computerName="IMRAN_430" duration="00:00:12.1386138" startTime="2016-01-15T17:15:05.7512737+05:00" endTime="2016-01-15T17:15:17.8974479+05:00" testType="13cdc9d9-ddb5-4fa4-a97d-d965ccfc6d4b" outcome="Passed" testListId="8c84fa94-04c1-424b-9868-57a2d4851a1d" relativeResultsDirectory="bdbd0df1-d356-47b7-80de-0eeca211580e">
    </UnitTestResult>
    <UnitTestResult executionId="7f21259a-00b7-4c7c-a817-88f89449851f" testId="919d767b-2048-5f7e-686c-ed10740581c2" testName="TestPostReplaceImage" computerName="IMRAN_430" duration="00:00:23.2187280" startTime="2016-01-15T17:15:17.9004197+05:00" endTime="2016-01-15T17:15:41.1275579+05:00" testType="13cdc9d9-ddb5-4fa4-a97d-d965ccfc6d4b" outcome="Passed" testListId="8c84fa94-04c1-424b-9868-57a2d4851a1d" relativeResultsDirectory="7f21259a-00b7-4c7c-a817-88f89449851f">
    </UnitTestResult>
    <UnitTestResult executionId="fcf96b8d-a6ec-4719-9482-cf7b9e7d5724" testId="28928c8c-d485-c0ee-0281-43efcbafac35" testName="TestGetDocumentAttachments" computerName="IMRAN_430" duration="00:00:02.1471788" startTime="2016-01-15T17:15:41.1305613+05:00" endTime="2016-01-15T17:15:43.2864516+05:00" testType="13cdc9d9-ddb5-4fa4-a97d-d965ccfc6d4b" outcome="Passed" testListId="8c84fa94-04c1-424b-9868-57a2d4851a1d" relativeResultsDirectory="fcf96b8d-a6ec-4719-9482-cf7b9e7d5724">
    </UnitTestResult>
    <UnitTestResult executionId="d6fa7aa2-ced4-4775-b652-cd7976db8e22" testId="7817cb41-fdc2-0985-0960-66301b92e8ac" testName="TestPostSplitDocument" computerName="IMRAN_430" duration="00:00:12.6192633" startTime="2016-01-15T17:15:43.2894537+05:00" endTime="2016-01-15T17:15:55.9284304+05:00" testType="13cdc9d9-ddb5-4fa4-a97d-d965ccfc6d4b" outcome="Passed" testListId="8c84fa94-04c1-424b-9868-57a2d4851a1d" relativeResultsDirectory="d6fa7aa2-ced4-4775-b652-cd7976db8e22">
    </UnitTestResult>
    <UnitTestResult executionId="ff64478f-08b9-45cf-8f71-8ea896eeba42" testId="574ac201-abfc-005f-b011-3beb5f0f1df8" testName="TestGetSegment" computerName="IMRAN_430" duration="00:00:21.4111396" startTime="2016-01-15T17:15:55.9314250+05:00" endTime="2016-01-15T17:16:17.3501984+05:00" testType="13cdc9d9-ddb5-4fa4-a97d-d965ccfc6d4b" outcome="Passed" testListId="8c84fa94-04c1-424b-9868-57a2d4851a1d" relativeResultsDirectory="ff64478f-08b9-45cf-8f71-8ea896eeba42">
    </UnitTestResult>
    <UnitTestResult executionId="81ac2cc3-afd5-49f2-a24f-6686f937c72a" testId="209555e4-3e93-717a-7d1c-f7fd868b8604" testName="TestGetFragmentTextFormat" computerName="IMRAN_430" duration="00:00:21.6537259" startTime="2016-01-15T17:16:17.3541945+05:00" endTime="2016-01-15T17:16:39.0149190+05:00" testType="13cdc9d9-ddb5-4fa4-a97d-d965ccfc6d4b" outcome="Passed" testListId="8c84fa94-04c1-424b-9868-57a2d4851a1d" relativeResultsDirectory="81ac2cc3-afd5-49f2-a24f-6686f937c72a">
    </UnitTestResult>
    <UnitTestResult executionId="9eefa4b3-ff01-4a06-b555-9e98bfd0a3aa" testId="eab57586-2195-84c3-02e1-fe3f245be47b" testName="TestGetDocumentWithFormat" computerName="IMRAN_430" duration="00:00:01.9825261" startTime="2016-01-15T17:16:39.0159205+05:00" endTime="2016-01-15T17:16:41.0017152+05:00" testType="13cdc9d9-ddb5-4fa4-a97d-d965ccfc6d4b" outcome="Passed" testListId="8c84fa94-04c1-424b-9868-57a2d4851a1d" relativeResultsDirectory="9eefa4b3-ff01-4a06-b555-9e98bfd0a3aa">
    </UnitTestResult>
    <UnitTestResult executionId="7485767c-f36b-453b-a151-26049fca7c62" testId="4d6bee1f-8e06-089c-f20d-a9bf9d17d256" testName="TestGetWordsPerPage" computerName="IMRAN_430" duration="00:00:02.0109098" startTime="2016-01-15T17:16:41.0037159+05:00" endTime="2016-01-15T17:16:43.0223401+05:00" testType="13cdc9d9-ddb5-4fa4-a97d-d965ccfc6d4b" outcome="Passed" testListId="8c84fa94-04c1-424b-9868-57a2d4851a1d" relativeResultsDirectory="7485767c-f36b-453b-a151-26049fca7c62">
    </UnitTestResult>
    <UnitTestResult executionId="943c9a00-88bd-4300-9d1c-2b02ffc7f2db" testId="8f3705c4-daa6-227e-0abe-d307a8c4050c" testName="TestGetImage" computerName="IMRAN_430" duration="00:00:21.1662759" startTime="2016-01-15T17:16:43.0243367+05:00" endTime="2016-01-15T17:17:04.1958997+05:00" testType="13cdc9d9-ddb5-4fa4-a97d-d965ccfc6d4b" outcome="Passed" testListId="8c84fa94-04c1-424b-9868-57a2d4851a1d" relativeResultsDirectory="943c9a00-88bd-4300-9d1c-2b02ffc7f2db">
    </UnitTestResult>
    <UnitTestResult executionId="5f770915-d9b9-4f50-a73d-485c721f656c" testId="67430ff2-06c5-9a55-ee3c-8d2fb53b7766" testName="TestGetPageAnnotation" computerName="IMRAN_430" duration="00:00:02.6978173" startTime="2016-01-15T17:17:04.2039010+05:00" endTime="2016-01-15T17:17:06.9097327+05:00" testType="13cdc9d9-ddb5-4fa4-a97d-d965ccfc6d4b" outcome="Passed" testListId="8c84fa94-04c1-424b-9868-57a2d4851a1d" relativeResultsDirectory="5f770915-d9b9-4f50-a73d-485c721f656c">
    </UnitTestResult>
    <UnitTestResult executionId="17e9d069-5cc1-4f26-8200-39110e71a087" testId="be71bc68-702f-ff2e-5165-63ab543180b5" testName="TestGetPageWithFormat" computerName="IMRAN_430" duration="00:00:06.0979681" startTime="2016-01-15T17:17:06.9117373+05:00" endTime="2016-01-15T17:17:13.0142164+05:00" testType="13cdc9d9-ddb5-4fa4-a97d-d965ccfc6d4b" outcome="Passed" testListId="8c84fa94-04c1-424b-9868-57a2d4851a1d" relativeResultsDirectory="17e9d069-5cc1-4f26-8200-39110e71a087">
    </UnitTestResult>
    <UnitTestResult executionId="3ec5c146-4955-431a-ae85-00ea5da7eb18" testId="c458249b-5fda-eb62-bb64-ea6c81eab74c" testName="TestGetPageAnnotations" computerName="IMRAN_430" duration="00:00:02.6402955" startTime="2016-01-15T17:17:13.0171893+05:00" endTime="2016-01-15T17:17:15.6654072+05:00" testType="13cdc9d9-ddb5-4fa4-a97d-d965ccfc6d4b" outcome="Passed" testListId="8c84fa94-04c1-424b-9868-57a2d4851a1d" relativeResultsDirectory="3ec5c146-4955-431a-ae85-00ea5da7eb18">
    </UnitTestResult>
    <UnitTestResult executionId="9a40fce7-2ce4-45a0-a715-595f3a221525" testId="fc4a1c5c-9fdd-49a6-cb96-aac85d162549" testName="TestGetFragments" computerName="IMRAN_430" duration="00:00:25.4890020" startTime="2016-01-15T17:17:15.6684101+05:00" endTime="2016-01-15T17:17:41.1645272+05:00" testType="13cdc9d9-ddb5-4fa4-a97d-d965ccfc6d4b" outcome="Passed" testListId="8c84fa94-04c1-424b-9868-57a2d4851a1d" relativeResultsDirectory="9a40fce7-2ce4-45a0-a715-595f3a221525">
    </UnitTestResult>
  </Results>
</TestRun>